Archive member included to satisfy reference by file (symbol)

c:/ac6/systemworkbench/plugins/fr.ac6.mcu.externaltools.arm-none.win32_1.15.0.201708311556/tools/compiler/bin/../lib/gcc/arm-none-eabi/6.3.1/../../../../arm-none-eabi/lib/thumb/v7e-m/fpv4-sp/hard\libm.a(lib_a-s_trunc.o)
                              DataLog/User/datalog_application.o (trunc)
c:/ac6/systemworkbench/plugins/fr.ac6.mcu.externaltools.arm-none.win32_1.15.0.201708311556/tools/compiler/bin/../lib/gcc/arm-none-eabi/6.3.1/../../../../arm-none-eabi/lib/thumb/v7e-m/fpv4-sp/hard\libm.a(lib_a-w_pow.o)
                              DataLog/User/datalog_application.o (pow)
c:/ac6/systemworkbench/plugins/fr.ac6.mcu.externaltools.arm-none.win32_1.15.0.201708311556/tools/compiler/bin/../lib/gcc/arm-none-eabi/6.3.1/../../../../arm-none-eabi/lib/thumb/v7e-m/fpv4-sp/hard\libm.a(lib_a-e_pow.o)
                              c:/ac6/systemworkbench/plugins/fr.ac6.mcu.externaltools.arm-none.win32_1.15.0.201708311556/tools/compiler/bin/../lib/gcc/arm-none-eabi/6.3.1/../../../../arm-none-eabi/lib/thumb/v7e-m/fpv4-sp/hard\libm.a(lib_a-w_pow.o) (__ieee754_pow)
c:/ac6/systemworkbench/plugins/fr.ac6.mcu.externaltools.arm-none.win32_1.15.0.201708311556/tools/compiler/bin/../lib/gcc/arm-none-eabi/6.3.1/../../../../arm-none-eabi/lib/thumb/v7e-m/fpv4-sp/hard\libm.a(lib_a-e_sqrt.o)
                              c:/ac6/systemworkbench/plugins/fr.ac6.mcu.externaltools.arm-none.win32_1.15.0.201708311556/tools/compiler/bin/../lib/gcc/arm-none-eabi/6.3.1/../../../../arm-none-eabi/lib/thumb/v7e-m/fpv4-sp/hard\libm.a(lib_a-e_pow.o) (__ieee754_sqrt)
c:/ac6/systemworkbench/plugins/fr.ac6.mcu.externaltools.arm-none.win32_1.15.0.201708311556/tools/compiler/bin/../lib/gcc/arm-none-eabi/6.3.1/../../../../arm-none-eabi/lib/thumb/v7e-m/fpv4-sp/hard\libm.a(lib_a-s_fabs.o)
                              c:/ac6/systemworkbench/plugins/fr.ac6.mcu.externaltools.arm-none.win32_1.15.0.201708311556/tools/compiler/bin/../lib/gcc/arm-none-eabi/6.3.1/../../../../arm-none-eabi/lib/thumb/v7e-m/fpv4-sp/hard\libm.a(lib_a-e_pow.o) (fabs)
c:/ac6/systemworkbench/plugins/fr.ac6.mcu.externaltools.arm-none.win32_1.15.0.201708311556/tools/compiler/bin/../lib/gcc/arm-none-eabi/6.3.1/../../../../arm-none-eabi/lib/thumb/v7e-m/fpv4-sp/hard\libm.a(lib_a-s_finite.o)
                              c:/ac6/systemworkbench/plugins/fr.ac6.mcu.externaltools.arm-none.win32_1.15.0.201708311556/tools/compiler/bin/../lib/gcc/arm-none-eabi/6.3.1/../../../../arm-none-eabi/lib/thumb/v7e-m/fpv4-sp/hard\libm.a(lib_a-w_pow.o) (finite)
c:/ac6/systemworkbench/plugins/fr.ac6.mcu.externaltools.arm-none.win32_1.15.0.201708311556/tools/compiler/bin/../lib/gcc/arm-none-eabi/6.3.1/../../../../arm-none-eabi/lib/thumb/v7e-m/fpv4-sp/hard\libm.a(lib_a-s_lib_ver.o)
                              c:/ac6/systemworkbench/plugins/fr.ac6.mcu.externaltools.arm-none.win32_1.15.0.201708311556/tools/compiler/bin/../lib/gcc/arm-none-eabi/6.3.1/../../../../arm-none-eabi/lib/thumb/v7e-m/fpv4-sp/hard\libm.a(lib_a-w_pow.o) (__fdlib_version)
c:/ac6/systemworkbench/plugins/fr.ac6.mcu.externaltools.arm-none.win32_1.15.0.201708311556/tools/compiler/bin/../lib/gcc/arm-none-eabi/6.3.1/../../../../arm-none-eabi/lib/thumb/v7e-m/fpv4-sp/hard\libm.a(lib_a-s_matherr.o)
                              c:/ac6/systemworkbench/plugins/fr.ac6.mcu.externaltools.arm-none.win32_1.15.0.201708311556/tools/compiler/bin/../lib/gcc/arm-none-eabi/6.3.1/../../../../arm-none-eabi/lib/thumb/v7e-m/fpv4-sp/hard\libm.a(lib_a-w_pow.o) (matherr)
c:/ac6/systemworkbench/plugins/fr.ac6.mcu.externaltools.arm-none.win32_1.15.0.201708311556/tools/compiler/bin/../lib/gcc/arm-none-eabi/6.3.1/../../../../arm-none-eabi/lib/thumb/v7e-m/fpv4-sp/hard\libm.a(lib_a-s_nan.o)
                              c:/ac6/systemworkbench/plugins/fr.ac6.mcu.externaltools.arm-none.win32_1.15.0.201708311556/tools/compiler/bin/../lib/gcc/arm-none-eabi/6.3.1/../../../../arm-none-eabi/lib/thumb/v7e-m/fpv4-sp/hard\libm.a(lib_a-e_pow.o) (nan)
c:/ac6/systemworkbench/plugins/fr.ac6.mcu.externaltools.arm-none.win32_1.15.0.201708311556/tools/compiler/bin/../lib/gcc/arm-none-eabi/6.3.1/../../../../arm-none-eabi/lib/thumb/v7e-m/fpv4-sp/hard\libm.a(lib_a-s_rint.o)
                              c:/ac6/systemworkbench/plugins/fr.ac6.mcu.externaltools.arm-none.win32_1.15.0.201708311556/tools/compiler/bin/../lib/gcc/arm-none-eabi/6.3.1/../../../../arm-none-eabi/lib/thumb/v7e-m/fpv4-sp/hard\libm.a(lib_a-w_pow.o) (rint)
c:/ac6/systemworkbench/plugins/fr.ac6.mcu.externaltools.arm-none.win32_1.15.0.201708311556/tools/compiler/bin/../lib/gcc/arm-none-eabi/6.3.1/../../../../arm-none-eabi/lib/thumb/v7e-m/fpv4-sp/hard\libm.a(lib_a-s_scalbn.o)
                              c:/ac6/systemworkbench/plugins/fr.ac6.mcu.externaltools.arm-none.win32_1.15.0.201708311556/tools/compiler/bin/../lib/gcc/arm-none-eabi/6.3.1/../../../../arm-none-eabi/lib/thumb/v7e-m/fpv4-sp/hard\libm.a(lib_a-e_pow.o) (scalbn)
[...]
Memory Configuration

Name             Origin             Length             Attributes
FLASH            0x08004000         0x00040000         xr
RAM              0x20000000         0x00018000         xrw
SRAM2            0x10000000         0x00008000         xrw
*default*        0x00000000         0xffffffff

Linker script and memory map

LOAD c:/ac6/systemworkbench/plugins/fr.ac6.mcu.externaltools.arm-none.win32_1.15.0.201708311556/tools/compiler/bin/../lib/gcc/arm-none-eabi/6.3.1/thumb/v7e-m/fpv4-sp/hard/crti.o
LOAD c:/ac6/systemworkbench/plugins/fr.ac6.mcu.externaltools.arm-none.win32_1.15.0.201708311556/tools/compiler/bin/../lib/gcc/arm-none-eabi/6.3.1/thumb/v7e-m/fpv4-sp/hard/crtbegin.o
LOAD c:/ac6/systemworkbench/plugins/fr.ac6.mcu.externaltools.arm-none.win32_1.15.0.201708311556/tools/compiler/bin/../lib/gcc/arm-none-eabi/6.3.1/../../../../arm-none-eabi/lib/thumb/v7e-m/fpv4-sp/hard/crt0.o
LOAD DataLog/SW4STM32/startup_stm32l476xx.o
LOAD DataLog/User/cube_hal_l4.o
LOAD DataLog/User/datalog_application.o
LOAD DataLog/User/main.o
LOAD DataLog/User/stm32l4xx_hal_msp.o
LOAD DataLog/User/stm32l4xx_it.o
LOAD DataLog/User/syscalls.o
LOAD DataLog/User/usbd_cdc_interface.o
LOAD DataLog/User/usbd_conf.o
LOAD DataLog/User/usbd_desc.o
LOAD Drivers/BSP/Components/HTS221_Driver.o
LOAD Drivers/BSP/Components/HTS221_Driver_HL.o
LOAD Drivers/BSP/Components/LPS22HB_Driver.o
LOAD Drivers/BSP/Components/LPS22HB_Driver_HL.o
LOAD Drivers/BSP/Components/LSM303AGR_ACC_driver.o
LOAD Drivers/BSP/Components/LSM303AGR_ACC_driver_HL.o
LOAD Drivers/BSP/Components/LSM303AGR_MAG_driver.o
LOAD Drivers/BSP/Components/LSM303AGR_MAG_driver_HL.o
LOAD Drivers/BSP/Components/LSM6DSM_ACC_GYRO_driver.o
LOAD Drivers/BSP/Components/LSM6DSM_ACC_GYRO_driver_HL.o
LOAD Drivers/BSP/Components/STC3115_Driver.o
LOAD Drivers/BSP/SensorTile/SensorTile.o
LOAD Drivers/BSP/SensorTile/SensorTile_accelero.o
LOAD Drivers/BSP/SensorTile/SensorTile_gg.o
LOAD Drivers/BSP/SensorTile/SensorTile_gyro.o
LOAD Drivers/BSP/SensorTile/SensorTile_humidity.o
LOAD Drivers/BSP/SensorTile/SensorTile_magneto.o
LOAD Drivers/BSP/SensorTile/SensorTile_pressure.o
LOAD Drivers/BSP/SensorTile/SensorTile_sd.o
LOAD Drivers/BSP/SensorTile/SensorTile_temperature.o
LOAD Drivers/CMSIS/system_stm32l4xx.o
LOAD Drivers/STM32L4xx_HAL_Driver/stm32l4xx_hal.o
LOAD Drivers/STM32L4xx_HAL_Driver/stm32l4xx_hal_cortex.o
LOAD Drivers/STM32L4xx_HAL_Driver/stm32l4xx_hal_dma.o
LOAD Drivers/STM32L4xx_HAL_Driver/stm32l4xx_hal_gpio.o
LOAD Drivers/STM32L4xx_HAL_Driver/stm32l4xx_hal_i2c.o
LOAD Drivers/STM32L4xx_HAL_Driver/stm32l4xx_hal_i2c_ex.o
LOAD Drivers/STM32L4xx_HAL_Driver/stm32l4xx_hal_pcd.o
LOAD Drivers/STM32L4xx_HAL_Driver/stm32l4xx_hal_pcd_ex.o
LOAD Drivers/STM32L4xx_HAL_Driver/stm32l4xx_hal_pwr.o
LOAD Drivers/STM32L4xx_HAL_Driver/stm32l4xx_hal_pwr_ex.o
LOAD Drivers/STM32L4xx_HAL_Driver/stm32l4xx_hal_rcc.o
LOAD Drivers/STM32L4xx_HAL_Driver/stm32l4xx_hal_rcc_ex.o
LOAD Drivers/STM32L4xx_HAL_Driver/stm32l4xx_hal_rtc.o
LOAD Drivers/STM32L4xx_HAL_Driver/stm32l4xx_hal_rtc_ex.o
LOAD Drivers/STM32L4xx_HAL_Driver/stm32l4xx_hal_spi.o
LOAD Drivers/STM32L4xx_HAL_Driver/stm32l4xx_hal_spi_ex.o
LOAD Drivers/STM32L4xx_HAL_Driver/stm32l4xx_hal_tim.o
LOAD Drivers/STM32L4xx_HAL_Driver/stm32l4xx_hal_tim_ex.o
LOAD Drivers/STM32L4xx_HAL_Driver/stm32l4xx_ll_usb.o
LOAD Middlewares/FatFs/diskio.o
LOAD Middlewares/FatFs/ff.o
LOAD Middlewares/FatFs/ff_gen_drv.o
LOAD Middlewares/FatFs/sd_diskio.o
LOAD Middlewares/FatFs/syscall.o
LOAD Middlewares/FatFs/unicode.o
LOAD Middlewares/STM32_USBD_Library/Class/usbd_cdc.o
LOAD Middlewares/STM32_USBD_Library/Core/usbd_core.o
LOAD Middlewares/STM32_USBD_Library/Core/usbd_ctlreq.o
LOAD Middlewares/STM32_USBD_Library/Core/usbd_ioreq.o
LOAD c:/ac6/systemworkbench/plugins/fr.ac6.mcu.externaltools.arm-none.win32_1.15.0.201708311556/tools/compiler/bin/../lib/gcc/arm-none-eabi/6.3.1/../../../../arm-none-eabi/lib/thumb/v7e-m/fpv4-sp/hard\libm.a
START GROUP
LOAD c:/ac6/systemworkbench/plugins/fr.ac6.mcu.externaltools.arm-none.win32_1.15.0.201708311556/tools/compiler/bin/../lib/gcc/arm-none-eabi/6.3.1/thumb/v7e-m/fpv4-sp/hard\libgcc.a
LOAD c:/ac6/systemworkbench/plugins/fr.ac6.mcu.externaltools.arm-none.win32_1.15.0.201708311556/tools/compiler/bin/../lib/gcc/arm-none-eabi/6.3.1/../../../../arm-none-eabi/lib/thumb/v7e-m/fpv4-sp/hard\libc_nano.a
END GROUP
START GROUP
LOAD c:/ac6/systemworkbench/plugins/fr.ac6.mcu.externaltools.arm-none.win32_1.15.0.201708311556/tools/compiler/bin/../lib/gcc/arm-none-eabi/6.3.1/thumb/v7e-m/fpv4-sp/hard\libgcc.a
LOAD c:/ac6/systemworkbench/plugins/fr.ac6.mcu.externaltools.arm-none.win32_1.15.0.201708311556/tools/compiler/bin/../lib/gcc/arm-none-eabi/6.3.1/../../../../arm-none-eabi/lib/thumb/v7e-m/fpv4-sp/hard\libc_nano.a
END GROUP
LOAD c:/ac6/systemworkbench/plugins/fr.ac6.mcu.externaltools.arm-none.win32_1.15.0.201708311556/tools/compiler/bin/../lib/gcc/arm-none-eabi/6.3.1/thumb/v7e-m/fpv4-sp/hard/crtend.o
LOAD c:/ac6/systemworkbench/plugins/fr.ac6.mcu.externaltools.arm-none.win32_1.15.0.201708311556/tools/compiler/bin/../lib/gcc/arm-none-eabi/6.3.1/thumb/v7e-m/fpv4-sp/hard/crtn.o
                0x20017fff                _estack = 0x20017fff
                0x00002000                _Min_Heap_Size = 0x2000
                0x00002000                _Min_Stack_Size = 0x2000

.isr_vector     0x08004000      0x188
                0x08004000                . = ALIGN (0x8)
 *(.isr_vector)
 .isr_vector    0x08004000      0x188 DataLog/SW4STM32/startup_stm32l476xx.o
                0x08004000                g_pfnVectors
                0x08004188                . = ALIGN (0x8)

.text           0x08004190    0x1c068
                0x08004190                . = ALIGN (0x8)
 *(.text)
 .text          0x08004190       0x6c c:/ac6/systemworkbench/plugins/fr.ac6.mcu.externaltools.arm-none.win32_1.15.0.201708311556/tools/compiler/bin/../lib/gcc/arm-none-eabi/6.3.1/thumb/v7e-m/fpv4-sp/hard/crtbegin.o
 .text          0x080041fc      0x370 c:/ac6/systemworkbench/plugins/fr.ac6.mcu.externaltools.arm-none.win32_1.15.0.201708311556/tools/compiler/bin/../lib/gcc/arm-none-eabi/6.3.1/thumb/v7e-m/fpv4-sp/hard\libgcc.a(_arm_addsubdf3.o)
                0x080041fc                __aeabi_drsub
                0x08004204                __aeabi_dsub
                0x08004204                __subdf3
                0x08004208                __aeabi_dadd
                0x08004208                __adddf3
                0x08004480                __floatunsidf
                0x08004480                __aeabi_ui2d
                0x080044a0                __floatsidf
                0x080044a0                __aeabi_i2d
                0x080044c4                __aeabi_f2d
                0x080044c4                __extendsfdf2
                0x08004500                __floatundidf
                0x08004500                __aeabi_ul2d
                0x08004510                __floatdidf
                0x08004510                __aeabi_l2d
 .text          0x0800456c      0x424 c:/ac6/systemworkbench/plugins/fr.ac6.mcu.externaltools.arm-none.win32_1.15.0.201708311556/tools/compiler/bin/../lib/gcc/arm-none-eabi/6.3.1/thumb/v7e-m/fpv4-sp/hard\libgcc.a(_arm_muldivdf3.o)
                0x0800456c                __aeabi_dmul
                0x0800456c                __muldf3
                0x080047c0                __divdf3
                0x080047c0                __aeabi_ddiv
 .text          0x08004990      0x110 c:/ac6/systemworkbench/plugins/fr.ac6.mcu.externaltools.arm-none.win32_1.15.0.201708311556/tools/compiler/bin/../lib/gcc/arm-none-eabi/6.3.1/thumb/v7e-m/fpv4-sp/hard\libgcc.a(_arm_cmpdf2.o)
                0x08004990                __gtdf2
                0x08004990                __gedf2
                0x08004998                __ltdf2
                0x08004998                __ledf2
                0x080049a0                __nedf2
                0x080049a0                __eqdf2
                0x080049a0                __cmpdf2
                0x08004a1c                __aeabi_cdrcmple
                0x08004a2c                __aeabi_cdcmpeq
                0x08004a2c                __aeabi_cdcmple
                0x08004a3c                __aeabi_dcmpeq
                0x08004a50                __aeabi_dcmplt
                0x08004a64                __aeabi_dcmple
                0x08004a78                __aeabi_dcmpge
                0x08004a8c                __aeabi_dcmpgt
 .text          0x08004aa0       0x2c c:/ac6/systemworkbench/plugins/fr.ac6.mcu.externaltools.arm-none.win32_1.15.0.201708311556/tools/compiler/bin/../lib/gcc/arm-none-eabi/6.3.1/thumb/v7e-m/fpv4-sp/hard\libgcc.a(_arm_unorddf2.o)
                0x08004aa0                __unorddf2
                0x08004aa0                __aeabi_dcmpun
 .text          0x08004acc       0x50 c:/ac6/systemworkbench/plugins/fr.ac6.mcu.externaltools.arm-none.win32_1.15.0.201708311556/tools/compiler/bin/../lib/gcc/arm-none-eabi/6.3.1/thumb/v7e-m/fpv4-sp/hard\libgcc.a(_arm_fixdfsi.o)
                0x08004acc                __aeabi_d2iz
                0x08004acc                __fixdfsi
 .text          0x08004b1c       0xa0 c:/ac6/systemworkbench/plugins/fr.ac6.mcu.externaltools.arm-none.win32_1.15.0.201708311556/tools/compiler/bin/../lib/gcc/arm-none-eabi/6.3.1/thumb/v7e-m/fpv4-sp/hard\libgcc.a(_arm_truncdfsf2.o)
                0x08004b1c                __truncdfsf2
                0x08004b1c                __aeabi_d2f
 .text          0x08004bbc       0xa0 c:/ac6/systemworkbench/plugins/fr.ac6.mcu.externaltools.arm-none.win32_1.15.0.201708311556/tools/compiler/bin/../lib/gcc/arm-none-eabi/6.3.1/thumb/v7e-m/fpv4-sp/hard\libgcc.a(_aeabi_ldivmod.o)
                0x08004bbc                __aeabi_ldivmod
 .text          0x08004c5c      0x2dc c:/ac6/systemworkbench/plugins/fr.ac6.mcu.externaltools.arm-none.win32_1.15.0.201708311556/tools/compiler/bin/../lib/gcc/arm-none-eabi/6.3.1/thumb/v7e-m/fpv4-sp/hard\libgcc.a(_udivmoddi4.o)
                0x08004c5c                __udivmoddi4
 .text          0x08004f38        0x4 c:/ac6/systemworkbench/plugins/fr.ac6.mcu.externaltools.arm-none.win32_1.15.0.201708311556/tools/compiler/bin/../lib/gcc/arm-none-eabi/6.3.1/thumb/v7e-m/fpv4-sp/hard\libgcc.a(_dvmd_tls.o)
                0x08004f38                __aeabi_idiv0
                0x08004f38                __aeabi_ldiv0
 .text          0x08004f3c       0x10 c:/ac6/systemworkbench/plugins/fr.ac6.mcu.externaltools.arm-none.win32_1.15.0.201708311556/tools/compiler/bin/../lib/gcc/arm-none-eabi/6.3.1/../../../../arm-none-eabi/lib/thumb/v7e-m/fpv4-sp/hard\libc_nano.a(lib_a-strlen.o)
                0x08004f3c                strlen
 *fill*         0x08004f4c        0x4 
 .text          0x08004f50       0xa0 c:/ac6/systemworkbench/plugins/fr.ac6.mcu.externaltools.arm-none.win32_1.15.0.201708311556/tools/compiler/bin/../lib/gcc/arm-none-eabi/6.3.1/../../../../arm-none-eabi/lib/thumb/v7e-m/fpv4-sp/hard\libc_nano.a(lib_a-memchr.o)
                0x08004f50                memchr
 *(.text*)
 .text.Reset_Handler
                0x08004ff0       0x50 DataLog/SW4STM32/startup_stm32l476xx.o
                0x08004ff0                Reset_Handler
 .text.Default_Handler
                0x08005040        0x2 DataLog/SW4STM32/startup_stm32l476xx.o
                0x08005040                RTC_Alarm_IRQHandler
                0x08005040                TIM8_TRG_COM_IRQHandler
                0x08005040                TIM8_CC_IRQHandler
                0x08005040                TIM1_CC_IRQHandler
                0x08005040                TSC_IRQHandler
                0x08005040                TAMP_STAMP_IRQHandler
                0x08005040                PendSV_Handler
                0x08005040                EXTI3_IRQHandler
                0x08005040                LPTIM2_IRQHandler
                0x08005040                DFSDM1_FLT1_IRQHandler
                0x08005040                I2C3_ER_IRQHandler
                0x08005040                DFSDM1_FLT2_IRQHandler
                0x08005040                EXTI0_IRQHandler
                0x08005040                I2C2_EV_IRQHandler
                0x08005040                CAN1_RX0_IRQHandler
                0x08005040                FPU_IRQHandler
                0x08005040                TIM1_UP_TIM16_IRQHandler
                0x08005040                UsageFault_Handler
                0x08005040                ADC1_2_IRQHandler
                0x08005040                SPI1_IRQHandler
                0x08005040                TIM6_DAC_IRQHandler
                0x08005040                TIM8_UP_IRQHandler
                0x08005040                DMA2_Channel2_IRQHandler
                0x08005040                DMA1_Channel4_IRQHandler
                0x08005040                SAI2_IRQHandler
                0x08005040                DFSDM1_FLT3_IRQHandler
                0x08005040                USART3_IRQHandler
                0x08005040                DMA1_Channel7_IRQHandler
                0x08005040                CAN1_RX1_IRQHandler
                0x08005040                LCD_IRQHandler
                0x08005040                UART5_IRQHandler
                0x08005040                ADC3_IRQHandler
                0x08005040                TIM4_IRQHandler
                0x08005040                DMA2_Channel1_IRQHandler
                0x08005040                QUADSPI_IRQHandler
                0x08005040                I2C1_EV_IRQHandler
                0x08005040                DMA1_Channel6_IRQHandler
                0x08005040                UART4_IRQHandler
                0x08005040                DMA2_Channel4_IRQHandler
                0x08005040                RCC_IRQHandler
                0x08005040                DMA1_Channel1_IRQHandler
                0x08005040                Default_Handler
                0x08005040                DMA2_Channel7_IRQHandler
                0x08005040                EXTI15_10_IRQHandler
                0x08005040                TIM7_IRQHandler
                0x08005040                SDMMC1_IRQHandler
                0x08005040                TIM5_IRQHandler
                0x08005040                I2C3_EV_IRQHandler
                0x08005040                EXTI9_5_IRQHandler
                0x08005040                RTC_WKUP_IRQHandler
                0x08005040                PVD_PVM_IRQHandler
                0x08005040                SPI2_IRQHandler
                0x08005040                MemManage_Handler
                0x08005040                CAN1_TX_IRQHandler
                0x08005040                SVC_Handler
                0x08005040                DMA2_Channel5_IRQHandler
                0x08005040                DMA1_Channel5_IRQHandler
                0x08005040                EXTI4_IRQHandler
                0x08005040                RNG_IRQHandler
                0x08005040                TIM1_TRG_COM_TIM17_IRQHandler
                0x08005040                DMA1_Channel3_IRQHandler
                0x08005040                COMP_IRQHandler
                0x08005040                WWDG_IRQHandler
                0x08005040                LPUART1_IRQHandler
                0x08005040                DMA2_Channel6_IRQHandler
                0x08005040                TIM2_IRQHandler
                0x08005040                EXTI1_IRQHandler
                0x08005040                USART2_IRQHandler
                0x08005040                DFSDM1_FLT0_IRQHandler
                0x08005040                I2C2_ER_IRQHandler
                0x08005040                DMA1_Channel2_IRQHandler
                0x08005040                TIM8_BRK_IRQHandler
                0x08005040                CAN1_SCE_IRQHandler
                0x08005040                FLASH_IRQHandler
                0x08005040                BusFault_Handler
                0x08005040                USART1_IRQHandler
                0x08005040                SPI3_IRQHandler
                0x08005040                I2C1_ER_IRQHandler
                0x08005040                FMC_IRQHandler
                0x08005040                SWPMI1_IRQHandler
                0x08005040                LPTIM1_IRQHandler
                0x08005040                SAI1_IRQHandler
                0x08005040                DMA2_Channel3_IRQHandler
                0x08005040                TIM1_BRK_TIM15_IRQHandler
 *fill*         0x08005042        0x2 
 .text.SystemClock_Config
                0x08005044      0x144 DataLog/User/cube_hal_l4.o
                0x08005044                SystemClock_Config
 .text.Error_Handler
                0x08005188        0x6 DataLog/User/cube_hal_l4.o
 *fill*         0x0800518e        0x2 
 .text.DATALOG_SD_Init
                0x08005190       0x54 DataLog/User/datalog_application.o
                0x08005190                DATALOG_SD_Init
 .text.DATALOG_SD_Log_Enable
                0x080051e4       0xa0 DataLog/User/datalog_application.o
                0x080051e4                DATALOG_SD_Log_Enable
 .text.DATALOG_SD_Log_Disable
                0x08005284       0x18 DataLog/User/datalog_application.o
                0x08005284                DATALOG_SD_Log_Disable
 .text.DATALOG_SD_NewLine
                0x0800529c       0x24 DataLog/User/datalog_application.o
                0x0800529c                DATALOG_SD_NewLine
 .text.RTC_Handler
                0x080052c0       0xb4 DataLog/User/datalog_application.o
                0x080052c0                RTC_Handler
 *fill*         0x08005374        0x4 
 .text.Accelero_Sensor_Handler
                0x08005378      0x974 DataLog/User/datalog_application.o
                0x08005378                Accelero_Sensor_Handler
 *fill*         0x08005cec        0x4 
 .text.floatToInt
                0x08005cf0       0xc8 DataLog/User/datalog_application.o
                0x08005cf0                floatToInt
 .text.main     0x08005db8      0x178 DataLog/User/main.o
                0x08005db8                main
 .text.initializeAllSensors
                0x08005f30       0xf4 DataLog/User/main.o
 .text.enableAllSensors
                0x08006024       0x88 DataLog/User/main.o
                0x08006024                enableAllSensors
 .text.RTC_Config
                0x080060ac       0x4c DataLog/User/main.o
 .text.RTC_TimeStampConfig
                0x080060f8       0x68 DataLog/User/main.o
 .text.HAL_GPIO_EXTI_Callback
                0x08006160       0x20 DataLog/User/main.o
                0x08006160                HAL_GPIO_EXTI_Callback
 .text.Error_Handler
                0x08006180        0x6 DataLog/User/main.o
 *fill*         0x08006186        0x2 
 .text.HAL_RTC_MspInit
                0x08006188       0x34 DataLog/User/stm32l4xx_hal_msp.o
                0x08006188                HAL_RTC_MspInit
 .text.NMI_Handler
                0x080061bc        0xe DataLog/User/stm32l4xx_it.o
                0x080061bc                NMI_Handler
 .text.HardFault_Handler
                0x080061ca        0x6 DataLog/User/stm32l4xx_it.o
                0x080061ca                HardFault_Handler
 .text.DebugMon_Handler
                0x080061d0        0xe DataLog/User/stm32l4xx_it.o
                0x080061d0                DebugMon_Handler
 .text.SysTick_Handler
                0x080061de        0xc DataLog/User/stm32l4xx_it.o
                0x080061de                SysTick_Handler
 *fill*         0x080061ea        0x2 
 .text.OTG_FS_IRQHandler
                0x080061ec       0x14 DataLog/User/stm32l4xx_it.o
                0x080061ec                OTG_FS_IRQHandler
 .text.TIM3_IRQHandler
                0x08006200       0x14 DataLog/User/stm32l4xx_it.o
                0x08006200                TIM3_IRQHandler
 .text.EXTI2_IRQHandler
                0x08006214        0xe DataLog/User/stm32l4xx_it.o
                0x08006214                EXTI2_IRQHandler
 *fill*         0x08006222        0x2 
 .text._sbrk    0x08006224       0x58 DataLog/User/syscalls.o
                0x08006224                _sbrk
 .text._write   0x0800627c       0x38 DataLog/User/syscalls.o
                0x0800627c                _write
 .text._close   0x080062b4       0x18 DataLog/User/syscalls.o
                0x080062b4                _close
 .text._fstat   0x080062cc       0x20 DataLog/User/syscalls.o
                0x080062cc                _fstat
 .text._isatty  0x080062ec       0x16 DataLog/User/syscalls.o
                0x080062ec                _isatty
 .text._lseek   0x08006302       0x1a DataLog/User/syscalls.o
                0x08006302                _lseek
 .text._read    0x0800631c       0x22 DataLog/User/syscalls.o
                0x0800631c                _read
 *fill*         0x0800633e        0x2 
 .text.CDC_Itf_Init
                0x08006340       0x74 DataLog/User/usbd_cdc_interface.o
 .text.CDC_Itf_DeInit
                0x080063b4       0x10 DataLog/User/usbd_cdc_interface.o
 .text.CDC_Itf_Control
                0x080063c4      0x15c DataLog/User/usbd_cdc_interface.o
 .text.CDC_Fill_Buffer
                0x08006520       0x54 DataLog/User/usbd_cdc_interface.o
                0x08006520                CDC_Fill_Buffer
 .text.HAL_TIM_PeriodElapsedCallback
                0x08006574       0x90 DataLog/User/usbd_cdc_interface.o
                0x08006574                HAL_TIM_PeriodElapsedCallback
 .text.CDC_Itf_Receive
                0x08006604       0x18 DataLog/User/usbd_cdc_interface.o
 .text.TIM_Config
                0x0800661c       0x40 DataLog/User/usbd_cdc_interface.o
 .text.Error_Handler
                0x0800665c        0xe DataLog/User/usbd_cdc_interface.o
 *fill*         0x0800666a        0x2 
 .text.HAL_PCD_MspInit
                0x0800666c       0x78 DataLog/User/usbd_conf.o
                0x0800666c                HAL_PCD_MspInit
 .text.HAL_PCD_SetupStageCallback
                0x080066e4       0x24 DataLog/User/usbd_conf.o
                0x080066e4                HAL_PCD_SetupStageCallback
 .text.HAL_PCD_DataOutStageCallback
                0x08006708       0x36 DataLog/User/usbd_conf.o
                0x08006708                HAL_PCD_DataOutStageCallback
 .text.HAL_PCD_DataInStageCallback
                0x0800673e       0x34 DataLog/User/usbd_conf.o
                0x0800673e                HAL_PCD_DataInStageCallback
 .text.HAL_PCD_SOFCallback
                0x08006772       0x1c DataLog/User/usbd_conf.o
                0x08006772                HAL_PCD_SOFCallback
 .text.HAL_PCD_ResetCallback
                0x0800678e       0x2a DataLog/User/usbd_conf.o
                0x0800678e                HAL_PCD_ResetCallback
 .text.HAL_PCD_SuspendCallback
                0x080067b8       0x1c DataLog/User/usbd_conf.o
                0x080067b8                HAL_PCD_SuspendCallback
 .text.HAL_PCD_ResumeCallback
                0x080067d4       0x1c DataLog/User/usbd_conf.o
                0x080067d4                HAL_PCD_ResumeCallback
 .text.HAL_PCD_ISOOUTIncompleteCallback
                0x080067f0       0x24 DataLog/User/usbd_conf.o
                0x080067f0                HAL_PCD_ISOOUTIncompleteCallback
 .text.HAL_PCD_ISOINIncompleteCallback
                0x08006814       0x24 DataLog/User/usbd_conf.o
                0x08006814                HAL_PCD_ISOINIncompleteCallback
 .text.HAL_PCD_ConnectCallback
                0x08006838       0x1c DataLog/User/usbd_conf.o
                0x08006838                HAL_PCD_ConnectCallback
 .text.HAL_PCD_DisconnectCallback
                0x08006854       0x1c DataLog/User/usbd_conf.o
                0x08006854                HAL_PCD_DisconnectCallback
 .text.USBD_LL_Init
                0x08006870       0x94 DataLog/User/usbd_conf.o
                0x08006870                USBD_LL_Init
 .text.USBD_LL_Start
                0x08006904       0x1e DataLog/User/usbd_conf.o
                0x08006904                USBD_LL_Start
 .text.USBD_LL_OpenEP
                0x08006922       0x34 DataLog/User/usbd_conf.o
                0x08006922                USBD_LL_OpenEP
 .text.USBD_LL_CloseEP
                0x08006956       0x26 DataLog/User/usbd_conf.o
                0x08006956                USBD_LL_CloseEP
 .text.USBD_LL_StallEP
                0x0800697c       0x26 DataLog/User/usbd_conf.o
                0x0800697c                USBD_LL_StallEP
 .text.USBD_LL_ClearStallEP
                0x080069a2       0x26 DataLog/User/usbd_conf.o
                0x080069a2                USBD_LL_ClearStallEP
 .text.USBD_LL_IsStallEP
                0x080069c8       0x58 DataLog/User/usbd_conf.o
                0x080069c8                USBD_LL_IsStallEP
 .text.USBD_LL_SetUSBAddress
                0x08006a20       0x26 DataLog/User/usbd_conf.o
                0x08006a20                USBD_LL_SetUSBAddress
 .text.USBD_LL_Transmit
                0x08006a46       0x2e DataLog/User/usbd_conf.o
                0x08006a46                USBD_LL_Transmit
 .text.USBD_LL_PrepareReceive
                0x08006a74       0x2e DataLog/User/usbd_conf.o
                0x08006a74                USBD_LL_PrepareReceive
 .text.USBD_LL_GetRxDataSize
                0x08006aa2       0x26 DataLog/User/usbd_conf.o
                0x08006aa2                USBD_LL_GetRxDataSize
 .text.USBD_VCP_DeviceDescriptor
                0x08006ac8       0x24 DataLog/User/usbd_desc.o
                0x08006ac8                USBD_VCP_DeviceDescriptor
 .text.USBD_VCP_LangIDStrDescriptor
                0x08006aec       0x24 DataLog/User/usbd_desc.o
                0x08006aec                USBD_VCP_LangIDStrDescriptor
 .text.USBD_VCP_ProductStrDescriptor
                0x08006b10       0x28 DataLog/User/usbd_desc.o
                0x08006b10                USBD_VCP_ProductStrDescriptor
 .text.USBD_VCP_ManufacturerStrDescriptor
                0x08006b38       0x28 DataLog/User/usbd_desc.o
                0x08006b38                USBD_VCP_ManufacturerStrDescriptor
 .text.USBD_VCP_SerialStrDescriptor
                0x08006b60       0x24 DataLog/User/usbd_desc.o
                0x08006b60                USBD_VCP_SerialStrDescriptor
 .text.USBD_VCP_ConfigStrDescriptor
                0x08006b84       0x28 DataLog/User/usbd_desc.o
                0x08006b84                USBD_VCP_ConfigStrDescriptor
 .text.USBD_VCP_InterfaceStrDescriptor
                0x08006bac       0x28 DataLog/User/usbd_desc.o
                0x08006bac                USBD_VCP_InterfaceStrDescriptor
 .text.Get_SerialNum
                0x08006bd4       0x58 DataLog/User/usbd_desc.o
 .text.IntToUnicode
                0x08006c2c       0x7c DataLog/User/usbd_desc.o
 .text.HTS221_ReadReg
                0x08006ca8       0x32 Drivers/BSP/Components/HTS221_Driver.o
                0x08006ca8                HTS221_ReadReg
 .text.HTS221_WriteReg
                0x08006cda       0x32 Drivers/BSP/Components/HTS221_Driver.o
                0x08006cda                HTS221_WriteReg
 .text.HTS221_Get_DeviceID
                0x08006d0c       0x2a Drivers/BSP/Components/HTS221_Driver.o
                0x08006d0c                HTS221_Get_DeviceID
 *fill*         0x08006d36        0x2 
 .text.HTS221_Get_Humidity
                0x08006d38      0x154 Drivers/BSP/Components/HTS221_Driver.o
                0x08006d38                HTS221_Get_Humidity
 .text.HTS221_Get_Temperature
                0x08006e8c      0x14c Drivers/BSP/Components/HTS221_Driver.o
                0x08006e8c                HTS221_Get_Temperature
 .text.HTS221_Get_DataStatus
                0x08006fd8       0x48 Drivers/BSP/Components/HTS221_Driver.o
                0x08006fd8                HTS221_Get_DataStatus
 .text.HTS221_Activate
                0x08007020       0x4c Drivers/BSP/Components/HTS221_Driver.o
                0x08007020                HTS221_Activate
 .text.HTS221_DeActivate
                0x0800706c       0x4c Drivers/BSP/Components/HTS221_Driver.o
                0x0800706c                HTS221_DeActivate
 .text.HTS221_Set_BduMode
                0x080070b8       0x7c Drivers/BSP/Components/HTS221_Driver.o
                0x080070b8                HTS221_Set_BduMode
 .text.HTS221_Set_Odr
                0x08007134       0x80 Drivers/BSP/Components/HTS221_Driver.o
                0x08007134                HTS221_Set_Odr
 .text.HTS221_Get_Odr
                0x080071b4       0x3c Drivers/BSP/Components/HTS221_Driver.o
                0x080071b4                HTS221_Get_Odr
 .text.HTS221_assert_failed
                0x080071f0       0x1c Drivers/BSP/Components/HTS221_Driver.o
                0x080071f0                HTS221_assert_failed
 .text.HTS221_H_Init
                0x0800720c       0x42 Drivers/BSP/Components/HTS221_Driver_HL.o
 .text.HTS221_H_DeInit
                0x0800724e       0x42 Drivers/BSP/Components/HTS221_Driver_HL.o
 .text.HTS221_H_Sensor_Enable
                0x08007290       0x4e Drivers/BSP/Components/HTS221_Driver_HL.o
 .text.HTS221_H_Sensor_Disable
                0x080072de       0x4e Drivers/BSP/Components/HTS221_Driver_HL.o
 .text.HTS221_H_Get_WhoAmI
                0x0800732c       0x1c Drivers/BSP/Components/HTS221_Driver_HL.o
 .text.HTS221_H_Check_WhoAmI
                0x08007348       0x18 Drivers/BSP/Components/HTS221_Driver_HL.o
 .text.HTS221_H_Get_Hum
                0x08007360       0x1c Drivers/BSP/Components/HTS221_Driver_HL.o
 .text.HTS221_H_Get_ODR
                0x0800737c       0x1c Drivers/BSP/Components/HTS221_Driver_HL.o
 .text.HTS221_H_Set_ODR
                0x08007398       0x20 Drivers/BSP/Components/HTS221_Driver_HL.o
 .text.HTS221_H_Set_ODR_Value
                0x080073b8       0x20 Drivers/BSP/Components/HTS221_Driver_HL.o
 .text.HTS221_H_Read_Reg
                0x080073d8       0x2e Drivers/BSP/Components/HTS221_Driver_HL.o
 .text.HTS221_H_Write_Reg
                0x08007406       0x30 Drivers/BSP/Components/HTS221_Driver_HL.o
 .text.HTS221_H_Get_DRDY_Status
                0x08007436       0x4c Drivers/BSP/Components/HTS221_Driver_HL.o
 .text.HTS221_T_Init
                0x08007482       0x42 Drivers/BSP/Components/HTS221_Driver_HL.o
 .text.HTS221_T_DeInit
                0x080074c4       0x42 Drivers/BSP/Components/HTS221_Driver_HL.o
 .text.HTS221_T_Sensor_Enable
                0x08007506       0x4e Drivers/BSP/Components/HTS221_Driver_HL.o
 .text.HTS221_T_Sensor_Disable
                0x08007554       0x4e Drivers/BSP/Components/HTS221_Driver_HL.o
 .text.HTS221_T_Get_WhoAmI
                0x080075a2       0x1c Drivers/BSP/Components/HTS221_Driver_HL.o
 .text.HTS221_T_Check_WhoAmI
                0x080075be       0x18 Drivers/BSP/Components/HTS221_Driver_HL.o
 .text.HTS221_T_Get_Temp
                0x080075d6       0x1c Drivers/BSP/Components/HTS221_Driver_HL.o
 .text.HTS221_T_Get_ODR
                0x080075f2       0x1c Drivers/BSP/Components/HTS221_Driver_HL.o
 .text.HTS221_T_Set_ODR
                0x0800760e       0x20 Drivers/BSP/Components/HTS221_Driver_HL.o
 .text.HTS221_T_Set_ODR_Value
                0x0800762e       0x20 Drivers/BSP/Components/HTS221_Driver_HL.o
 .text.HTS221_T_Read_Reg
                0x0800764e       0x2e Drivers/BSP/Components/HTS221_Driver_HL.o
 .text.HTS221_T_Write_Reg
                0x0800767c       0x30 Drivers/BSP/Components/HTS221_Driver_HL.o
 .text.HTS221_T_Get_DRDY_Status
                0x080076ac       0x4c Drivers/BSP/Components/HTS221_Driver_HL.o
 .text.HTS221_Init
                0x080076f8       0x56 Drivers/BSP/Components/HTS221_Driver_HL.o
 .text.HTS221_Sensor_Enable
                0x0800774e       0x22 Drivers/BSP/Components/HTS221_Driver_HL.o
 .text.HTS221_Sensor_Disable
                0x08007770       0x22 Drivers/BSP/Components/HTS221_Driver_HL.o
 .text.HTS221_Get_WhoAmI
                0x08007792       0x26 Drivers/BSP/Components/HTS221_Driver_HL.o
 .text.HTS221_Check_WhoAmI
                0x080077b8       0x3a Drivers/BSP/Components/HTS221_Driver_HL.o
 .text.HTS221_Get_Hum
                0x080077f2       0x46 Drivers/BSP/Components/HTS221_Driver_HL.o
 .text.HTS221_Get_Temp
                0x08007838       0x48 Drivers/BSP/Components/HTS221_Driver_HL.o
 .text.HTS221_Get_ODR
                0x08007880       0x80 Drivers/BSP/Components/HTS221_Driver_HL.o
 .text.HTS221_Set_ODR
                0x08007900       0x6c Drivers/BSP/Components/HTS221_Driver_HL.o
 .text.HTS221_Set_ODR_Value
                0x0800796c       0x5a Drivers/BSP/Components/HTS221_Driver_HL.o
 .text.HTS221_Read_Reg
                0x080079c6       0x2e Drivers/BSP/Components/HTS221_Driver_HL.o
 .text.HTS221_Write_Reg
                0x080079f4       0x30 Drivers/BSP/Components/HTS221_Driver_HL.o
 .text.LPS22HB_ReadReg
                0x08007a24       0x32 Drivers/BSP/Components/LPS22HB_Driver.o
                0x08007a24                LPS22HB_ReadReg
 .text.LPS22HB_WriteReg
                0x08007a56       0x32 Drivers/BSP/Components/LPS22HB_Driver.o
                0x08007a56                LPS22HB_WriteReg
 .text.LPS22HB_Get_DeviceID
                0x08007a88       0x2a Drivers/BSP/Components/LPS22HB_Driver.o
                0x08007a88                LPS22HB_Get_DeviceID
 .text.LPS22HB_Set_PowerMode
                0x08007ab2       0x5a Drivers/BSP/Components/LPS22HB_Driver.o
                0x08007ab2                LPS22HB_Set_PowerMode
 .text.LPS22HB_Set_Odr
                0x08007b0c       0x5a Drivers/BSP/Components/LPS22HB_Driver.o
                0x08007b0c                LPS22HB_Set_Odr
 .text.LPS22HB_Get_Odr
                0x08007b66       0x38 Drivers/BSP/Components/LPS22HB_Driver.o
                0x08007b66                LPS22HB_Get_Odr
 .text.LPS22HB_Set_LowPassFilter
                0x08007b9e       0x62 Drivers/BSP/Components/LPS22HB_Driver.o
                0x08007b9e                LPS22HB_Set_LowPassFilter
 .text.LPS22HB_Set_LowPassFilterCutoff
                0x08007c00       0x5a Drivers/BSP/Components/LPS22HB_Driver.o
                0x08007c00                LPS22HB_Set_LowPassFilterCutoff
 .text.LPS22HB_Set_Bdu
                0x08007c5a       0x5a Drivers/BSP/Components/LPS22HB_Driver.o
                0x08007c5a                LPS22HB_Set_Bdu
 .text.LPS22HB_SwResetAndMemoryBoot
                0x08007cb4       0x4c Drivers/BSP/Components/LPS22HB_Driver.o
                0x08007cb4                LPS22HB_SwResetAndMemoryBoot
 .text.LPS22HB_Set_FifoModeUse
                0x08007d00       0x62 Drivers/BSP/Components/LPS22HB_Driver.o
                0x08007d00                LPS22HB_Set_FifoModeUse
 .text.LPS22HB_Set_FifoWatermarkLevelUse
                0x08007d62       0x62 Drivers/BSP/Components/LPS22HB_Driver.o
                0x08007d62                LPS22HB_Set_FifoWatermarkLevelUse
 .text.LPS22HB_Set_AutomaticIncrementRegAddress
                0x08007dc4       0x62 Drivers/BSP/Components/LPS22HB_Driver.o
                0x08007dc4                LPS22HB_Set_AutomaticIncrementRegAddress
 .text.LPS22HB_Set_I2C
                0x08007e26       0x66 Drivers/BSP/Components/LPS22HB_Driver.o
                0x08007e26                LPS22HB_Set_I2C
 .text.LPS22HB_Set_FIFO_OVR_Interrupt
                0x08007e8c       0x62 Drivers/BSP/Components/LPS22HB_Driver.o
                0x08007e8c                LPS22HB_Set_FIFO_OVR_Interrupt
 .text.LPS22HB_Set_FIFO_FTH_Interrupt
                0x08007eee       0x62 Drivers/BSP/Components/LPS22HB_Driver.o
                0x08007eee                LPS22HB_Set_FIFO_FTH_Interrupt
 .text.LPS22HB_Set_FIFO_FULL_Interrupt
                0x08007f50       0x62 Drivers/BSP/Components/LPS22HB_Driver.o
                0x08007f50                LPS22HB_Set_FIFO_FULL_Interrupt
 .text.LPS22HB_Get_DataStatus
                0x08007fb2       0x64 Drivers/BSP/Components/LPS22HB_Driver.o
                0x08007fb2                LPS22HB_Get_DataStatus
 .text.LPS22HB_Get_RawPressure
                0x08008016       0x76 Drivers/BSP/Components/LPS22HB_Driver.o
                0x08008016                LPS22HB_Get_RawPressure
 .text.LPS22HB_Get_Pressure
                0x0800808c       0x42 Drivers/BSP/Components/LPS22HB_Driver.o
                0x0800808c                LPS22HB_Get_Pressure
 .text.LPS22HB_Get_RawTemperature
                0x080080ce       0x44 Drivers/BSP/Components/LPS22HB_Driver.o
                0x080080ce                LPS22HB_Get_RawTemperature
 *fill*         0x08008112        0x2 
 .text.LPS22HB_Get_Temperature
                0x08008114       0x50 Drivers/BSP/Components/LPS22HB_Driver.o
                0x08008114                LPS22HB_Get_Temperature
 .text.LPS22HB_Set_FifoMode
                0x08008164       0x5a Drivers/BSP/Components/LPS22HB_Driver.o
                0x08008164                LPS22HB_Set_FifoMode
 .text.LPS22HB_Get_FifoMode
                0x080081be       0x3c Drivers/BSP/Components/LPS22HB_Driver.o
                0x080081be                LPS22HB_Get_FifoMode
 .text.LPS22HB_Set_FifoWatermarkLevel
                0x080081fa       0x5a Drivers/BSP/Components/LPS22HB_Driver.o
                0x080081fa                LPS22HB_Set_FifoWatermarkLevel
 .text.LPS22HB_Get_FifoWatermarkLevel
                0x08008254       0x38 Drivers/BSP/Components/LPS22HB_Driver.o
                0x08008254                LPS22HB_Get_FifoWatermarkLevel
 .text.LPS22HB_Get_FifoStatus
                0x0800828c       0x7e Drivers/BSP/Components/LPS22HB_Driver.o
                0x0800828c                LPS22HB_Get_FifoStatus
 .text.LPS22HB_P_Init
                0x0800830a       0x42 Drivers/BSP/Components/LPS22HB_Driver_HL.o
 .text.LPS22HB_P_DeInit
                0x0800834c       0x40 Drivers/BSP/Components/LPS22HB_Driver_HL.o
 .text.LPS22HB_P_Sensor_Enable
                0x0800838c       0x50 Drivers/BSP/Components/LPS22HB_Driver_HL.o
 .text.LPS22HB_P_Sensor_Disable
                0x080083dc       0x4e Drivers/BSP/Components/LPS22HB_Driver_HL.o
 .text.LPS22HB_P_Get_WhoAmI
                0x0800842a       0x1c Drivers/BSP/Components/LPS22HB_Driver_HL.o
 .text.LPS22HB_P_Check_WhoAmI
                0x08008446       0x18 Drivers/BSP/Components/LPS22HB_Driver_HL.o
 .text.LPS22HB_P_Get_Press
                0x0800845e       0x1c Drivers/BSP/Components/LPS22HB_Driver_HL.o
 .text.LPS22HB_P_Get_ODR
                0x0800847a       0x1c Drivers/BSP/Components/LPS22HB_Driver_HL.o
 .text.LPS22HB_P_Set_ODR
                0x08008496       0x54 Drivers/BSP/Components/LPS22HB_Driver_HL.o
 .text.LPS22HB_P_Set_ODR_Value
                0x080084ea       0x54 Drivers/BSP/Components/LPS22HB_Driver_HL.o
 .text.LPS22HB_P_Read_Reg
                0x0800853e       0x2e Drivers/BSP/Components/LPS22HB_Driver_HL.o
 .text.LPS22HB_P_Write_Reg
                0x0800856c       0x30 Drivers/BSP/Components/LPS22HB_Driver_HL.o
 .text.LPS22HB_P_Get_DRDY_Status
                0x0800859c       0x30 Drivers/BSP/Components/LPS22HB_Driver_HL.o
 .text.LPS22HB_T_Init
                0x080085cc       0x42 Drivers/BSP/Components/LPS22HB_Driver_HL.o
 .text.LPS22HB_T_DeInit
                0x0800860e       0x40 Drivers/BSP/Components/LPS22HB_Driver_HL.o
 .text.LPS22HB_T_Sensor_Enable
                0x0800864e       0x50 Drivers/BSP/Components/LPS22HB_Driver_HL.o
 .text.LPS22HB_T_Sensor_Disable
                0x0800869e       0x4e Drivers/BSP/Components/LPS22HB_Driver_HL.o
 .text.LPS22HB_T_Get_WhoAmI
                0x080086ec       0x1c Drivers/BSP/Components/LPS22HB_Driver_HL.o
 .text.LPS22HB_T_Check_WhoAmI
                0x08008708       0x18 Drivers/BSP/Components/LPS22HB_Driver_HL.o
 .text.LPS22HB_T_Get_Temp
                0x08008720       0x1c Drivers/BSP/Components/LPS22HB_Driver_HL.o
 .text.LPS22HB_T_Get_ODR
                0x0800873c       0x1c Drivers/BSP/Components/LPS22HB_Driver_HL.o
 .text.LPS22HB_T_Set_ODR
                0x08008758       0x54 Drivers/BSP/Components/LPS22HB_Driver_HL.o
 .text.LPS22HB_T_Set_ODR_Value
                0x080087ac       0x54 Drivers/BSP/Components/LPS22HB_Driver_HL.o
 .text.LPS22HB_T_Read_Reg
                0x08008800       0x2e Drivers/BSP/Components/LPS22HB_Driver_HL.o
 .text.LPS22HB_T_Write_Reg
                0x0800882e       0x30 Drivers/BSP/Components/LPS22HB_Driver_HL.o
 .text.LPS22HB_T_Get_DRDY_Status
                0x0800885e       0x30 Drivers/BSP/Components/LPS22HB_Driver_HL.o
 *fill*         0x0800888e        0x2 
 .text.LPS22HB_Initialize
                0x08008890       0xbc Drivers/BSP/Components/LPS22HB_Driver_HL.o
 .text.LPS22HB_Get_WhoAmI
                0x0800894c       0x26 Drivers/BSP/Components/LPS22HB_Driver_HL.o
 .text.LPS22HB_Check_WhoAmI
                0x08008972       0x3a Drivers/BSP/Components/LPS22HB_Driver_HL.o
 .text.LPS22HB_Get_Press
                0x080089ac       0x4c Drivers/BSP/Components/LPS22HB_Driver_HL.o
 .text.LPS22HB_Get_Temp
                0x080089f8       0x48 Drivers/BSP/Components/LPS22HB_Driver_HL.o
 .text.LPS22HB_Get_ODR
                0x08008a40       0xa0 Drivers/BSP/Components/LPS22HB_Driver_HL.o
 .text.LPS22HB_Set_ODR_When_Enabled
                0x08008ae0       0x88 Drivers/BSP/Components/LPS22HB_Driver_HL.o
 .text.LPS22HB_Set_ODR_When_Disabled
                0x08008b68       0x7c Drivers/BSP/Components/LPS22HB_Driver_HL.o
 .text.LPS22HB_Set_ODR_Value_When_Enabled
                0x08008be4       0xa4 Drivers/BSP/Components/LPS22HB_Driver_HL.o
 .text.LPS22HB_Set_ODR_Value_When_Disabled
                0x08008c88       0x90 Drivers/BSP/Components/LPS22HB_Driver_HL.o
 .text.LPS22HB_Read_Reg
                0x08008d18       0x2e Drivers/BSP/Components/LPS22HB_Driver_HL.o
 .text.LPS22HB_Write_Reg
                0x08008d46       0x30 Drivers/BSP/Components/LPS22HB_Driver_HL.o
 .text.LPS22HB_FIFO_Get_Empty_Status
                0x08008d76       0x30 Drivers/BSP/Components/LPS22HB_Driver_HL.o
 .text.LPS22HB_FIFO_Get_Full_Status
                0x08008da6       0x30 Drivers/BSP/Components/LPS22HB_Driver_HL.o
 .text.LPS22HB_FIFO_Get_Ovr_Status
                0x08008dd6       0x30 Drivers/BSP/Components/LPS22HB_Driver_HL.o
 .text.LPS22HB_FIFO_Get_Fth_Status
                0x08008e06       0x30 Drivers/BSP/Components/LPS22HB_Driver_HL.o
 .text.LPS22HB_FIFO_Stop_On_Fth
                0x08008e36       0x38 Drivers/BSP/Components/LPS22HB_Driver_HL.o
 .text.LPS22HB_FIFO_Usage
                0x08008e6e       0x38 Drivers/BSP/Components/LPS22HB_Driver_HL.o
 .text.LPS22HB_FIFO_Get_Num_Of_Samples
                0x08008ea6       0x30 Drivers/BSP/Components/LPS22HB_Driver_HL.o
 .text.LPS22HB_FIFO_Get_Data
                0x08008ed6       0x3a Drivers/BSP/Components/LPS22HB_Driver_HL.o
 .text.LPS22HB_FIFO_Get_Mode
                0x08008f10       0x30 Drivers/BSP/Components/LPS22HB_Driver_HL.o
 .text.LPS22HB_FIFO_Set_Mode
                0x08008f40       0x50 Drivers/BSP/Components/LPS22HB_Driver_HL.o
 .text.LPS22HB_FIFO_Get_Watermark_Level
                0x08008f90       0x26 Drivers/BSP/Components/LPS22HB_Driver_HL.o
 .text.LPS22HB_FIFO_Set_Watermark_Level
                0x08008fb6       0x2a Drivers/BSP/Components/LPS22HB_Driver_HL.o
 .text.LPS22HB_FIFO_Watermark_Usage
                0x08008fe0       0x38 Drivers/BSP/Components/LPS22HB_Driver_HL.o
 .text.LPS22HB_FIFO_Set_Interrupt
                0x08009018       0x68 Drivers/BSP/Components/LPS22HB_Driver_HL.o
 .text.LPS22HB_FIFO_Reset_Interrupt
                0x08009080       0x68 Drivers/BSP/Components/LPS22HB_Driver_HL.o
 .text.LSM303AGR_ACC_WriteReg
                0x080090e8       0x34 Drivers/BSP/Components/LSM303AGR_ACC_driver.o
                0x080090e8                LSM303AGR_ACC_WriteReg
 .text.LSM303AGR_ACC_ReadReg
                0x0800911c       0x34 Drivers/BSP/Components/LSM303AGR_ACC_driver.o
                0x0800911c                LSM303AGR_ACC_ReadReg
 .text.LSM303AGR_ACC_R_WHO_AM_I
                0x08009150       0x3a Drivers/BSP/Components/LSM303AGR_ACC_driver.o
                0x08009150                LSM303AGR_ACC_R_WHO_AM_I
 .text.LSM303AGR_ACC_W_BlockDataUpdate
                0x0800918a       0x5a Drivers/BSP/Components/LSM303AGR_ACC_driver.o
                0x0800918a                LSM303AGR_ACC_W_BlockDataUpdate
 .text.LSM303AGR_ACC_W_FullScale
                0x080091e4       0x5a Drivers/BSP/Components/LSM303AGR_ACC_driver.o
                0x080091e4                LSM303AGR_ACC_W_FullScale
 .text.LSM303AGR_ACC_R_FullScale
                0x0800923e       0x38 Drivers/BSP/Components/LSM303AGR_ACC_driver.o
                0x0800923e                LSM303AGR_ACC_R_FullScale
 .text.LSM303AGR_ACC_Get_Raw_Acceleration
                0x08009276       0x2a Drivers/BSP/Components/LSM303AGR_ACC_driver.o
                0x08009276                LSM303AGR_ACC_Get_Raw_Acceleration
 .text.LSM303AGR_ACC_Get_Acceleration
                0x080092a0      0x1cc Drivers/BSP/Components/LSM303AGR_ACC_driver.o
                0x080092a0                LSM303AGR_ACC_Get_Acceleration
 .text.LSM303AGR_ACC_W_ODR
                0x0800946c       0x5a Drivers/BSP/Components/LSM303AGR_ACC_driver.o
                0x0800946c                LSM303AGR_ACC_W_ODR
 .text.LSM303AGR_ACC_R_ODR
                0x080094c6       0x38 Drivers/BSP/Components/LSM303AGR_ACC_driver.o
                0x080094c6                LSM303AGR_ACC_R_ODR
 .text.LSM303AGR_ACC_W_XEN
                0x080094fe       0x5a Drivers/BSP/Components/LSM303AGR_ACC_driver.o
                0x080094fe                LSM303AGR_ACC_W_XEN
 .text.LSM303AGR_ACC_R_XEN
                0x08009558       0x38 Drivers/BSP/Components/LSM303AGR_ACC_driver.o
                0x08009558                LSM303AGR_ACC_R_XEN
 .text.LSM303AGR_ACC_W_YEN
                0x08009590       0x5a Drivers/BSP/Components/LSM303AGR_ACC_driver.o
                0x08009590                LSM303AGR_ACC_W_YEN
 .text.LSM303AGR_ACC_R_YEN
                0x080095ea       0x38 Drivers/BSP/Components/LSM303AGR_ACC_driver.o
                0x080095ea                LSM303AGR_ACC_R_YEN
 .text.LSM303AGR_ACC_W_ZEN
                0x08009622       0x5a Drivers/BSP/Components/LSM303AGR_ACC_driver.o
                0x08009622                LSM303AGR_ACC_W_ZEN
 .text.LSM303AGR_ACC_R_ZEN
                0x0800967c       0x38 Drivers/BSP/Components/LSM303AGR_ACC_driver.o
                0x0800967c                LSM303AGR_ACC_R_ZEN
 .text.LSM303AGR_ACC_R_LOWPWR_EN
                0x080096b4       0x38 Drivers/BSP/Components/LSM303AGR_ACC_driver.o
                0x080096b4                LSM303AGR_ACC_R_LOWPWR_EN
 .text.LSM303AGR_ACC_R_HiRes
                0x080096ec       0x38 Drivers/BSP/Components/LSM303AGR_ACC_driver.o
                0x080096ec                LSM303AGR_ACC_R_HiRes
 .text.LSM303AGR_ACC_R_XDataAvail
                0x08009724       0x38 Drivers/BSP/Components/LSM303AGR_ACC_driver.o
                0x08009724                LSM303AGR_ACC_R_XDataAvail
 .text.LSM303AGR_ACC_W_FifoMode
                0x0800975c       0x5a Drivers/BSP/Components/LSM303AGR_ACC_driver.o
                0x0800975c                LSM303AGR_ACC_W_FifoMode
 *fill*         0x080097b6        0x2 
 .text.LSM303AGR_X_Init
                0x080097b8       0xc0 Drivers/BSP/Components/LSM303AGR_ACC_driver_HL.o
 .text.LSM303AGR_X_DeInit
                0x08009878       0x58 Drivers/BSP/Components/LSM303AGR_ACC_driver_HL.o
 .text.LSM303AGR_X_Sensor_Enable
                0x080098d0       0x4a Drivers/BSP/Components/LSM303AGR_ACC_driver_HL.o
 .text.LSM303AGR_X_Sensor_Disable
                0x0800991a       0x58 Drivers/BSP/Components/LSM303AGR_ACC_driver_HL.o
 .text.LSM303AGR_X_Get_WhoAmI
                0x08009972       0x26 Drivers/BSP/Components/LSM303AGR_ACC_driver_HL.o
 .text.LSM303AGR_X_Check_WhoAmI
                0x08009998       0x3a Drivers/BSP/Components/LSM303AGR_ACC_driver_HL.o
 .text.LSM303AGR_X_Get_Axes
                0x080099d2       0x3c Drivers/BSP/Components/LSM303AGR_ACC_driver_HL.o
 .text.LSM303AGR_X_Get_AxesRaw
                0x08009a0e       0x42 Drivers/BSP/Components/LSM303AGR_ACC_driver_HL.o
 .text.LSM303AGR_X_Get_Sensitivity
                0x08009a50       0x88 Drivers/BSP/Components/LSM303AGR_ACC_driver_HL.o
 .text.LSM303AGR_X_Get_ODR
                0x08009ad8       0xc4 Drivers/BSP/Components/LSM303AGR_ACC_driver_HL.o
 .text.LSM303AGR_X_Set_ODR
                0x08009b9c       0x46 Drivers/BSP/Components/LSM303AGR_ACC_driver_HL.o
 .text.LSM303AGR_X_Set_ODR_Value
                0x08009be2       0x46 Drivers/BSP/Components/LSM303AGR_ACC_driver_HL.o
 .text.LSM303AGR_X_Get_FS
                0x08009c28       0x7c Drivers/BSP/Components/LSM303AGR_ACC_driver_HL.o
 .text.LSM303AGR_X_Set_FS
                0x08009ca4       0x4e Drivers/BSP/Components/LSM303AGR_ACC_driver_HL.o
 .text.LSM303AGR_X_Set_FS_Value
                0x08009cf2       0x70 Drivers/BSP/Components/LSM303AGR_ACC_driver_HL.o
 .text.LSM303AGR_X_Get_Axes_Status
                0x08009d62       0x8c Drivers/BSP/Components/LSM303AGR_ACC_driver_HL.o
 .text.LSM303AGR_X_Set_Axes_Status
                0x08009dee       0x78 Drivers/BSP/Components/LSM303AGR_ACC_driver_HL.o
 .text.LSM303AGR_X_Read_Reg
                0x08009e66       0x2e Drivers/BSP/Components/LSM303AGR_ACC_driver_HL.o
 .text.LSM303AGR_X_Write_Reg
                0x08009e94       0x30 Drivers/BSP/Components/LSM303AGR_ACC_driver_HL.o
 .text.LSM303AGR_X_Get_DRDY_Status
                0x08009ec4       0x48 Drivers/BSP/Components/LSM303AGR_ACC_driver_HL.o
 .text.LSM303AGR_X_Get_Axes_Raw
                0x08009f0c       0xce Drivers/BSP/Components/LSM303AGR_ACC_driver_HL.o
 *fill*         0x08009fda        0x2 
 .text.LSM303AGR_X_Set_ODR_When_Enabled
                0x08009fdc       0x6c Drivers/BSP/Components/LSM303AGR_ACC_driver_HL.o
 .text.LSM303AGR_X_Set_ODR_When_Disabled
                0x0800a048       0x84 Drivers/BSP/Components/LSM303AGR_ACC_driver_HL.o
 .text.LSM303AGR_X_Set_ODR_Value_When_Enabled
                0x0800a0cc       0xc0 Drivers/BSP/Components/LSM303AGR_ACC_driver_HL.o
 .text.LSM303AGR_X_Set_ODR_Value_When_Disabled
                0x0800a18c       0xd8 Drivers/BSP/Components/LSM303AGR_ACC_driver_HL.o
 .text.LSM303AGR_X_Get_Sensitivity_Normal_Mode
                0x0800a264       0x84 Drivers/BSP/Components/LSM303AGR_ACC_driver_HL.o
 .text.LSM303AGR_X_Get_Sensitivity_LP_Mode
                0x0800a2e8       0x84 Drivers/BSP/Components/LSM303AGR_ACC_driver_HL.o
 .text.LSM303AGR_X_Get_Sensitivity_HR_Mode
                0x0800a36c       0x84 Drivers/BSP/Components/LSM303AGR_ACC_driver_HL.o
 .text.LSM303AGR_MAG_WriteReg
                0x0800a3f0       0x34 Drivers/BSP/Components/LSM303AGR_MAG_driver.o
                0x0800a3f0                LSM303AGR_MAG_WriteReg
 .text.LSM303AGR_MAG_ReadReg
                0x0800a424       0x34 Drivers/BSP/Components/LSM303AGR_MAG_driver.o
                0x0800a424                LSM303AGR_MAG_ReadReg
 .text.LSM303AGR_MAG_R_WHO_AM_I
                0x0800a458       0x3a Drivers/BSP/Components/LSM303AGR_MAG_driver.o
                0x0800a458                LSM303AGR_MAG_R_WHO_AM_I
 .text.LSM303AGR_MAG_W_BDU
                0x0800a492       0x5a Drivers/BSP/Components/LSM303AGR_MAG_driver.o
                0x0800a492                LSM303AGR_MAG_W_BDU
 .text.LSM303AGR_MAG_W_MD
                0x0800a4ec       0x5a Drivers/BSP/Components/LSM303AGR_MAG_driver.o
                0x0800a4ec                LSM303AGR_MAG_W_MD
 .text.LSM303AGR_MAG_Get_Raw_Magnetic
                0x0800a546       0x2a Drivers/BSP/Components/LSM303AGR_MAG_driver.o
                0x0800a546                LSM303AGR_MAG_Get_Raw_Magnetic
 .text.LSM303AGR_MAG_W_ODR
                0x0800a570       0x5a Drivers/BSP/Components/LSM303AGR_MAG_driver.o
                0x0800a570                LSM303AGR_MAG_W_ODR
 .text.LSM303AGR_MAG_R_ODR
                0x0800a5ca       0x38 Drivers/BSP/Components/LSM303AGR_MAG_driver.o
                0x0800a5ca                LSM303AGR_MAG_R_ODR
 .text.LSM303AGR_MAG_W_ST
                0x0800a602       0x5a Drivers/BSP/Components/LSM303AGR_MAG_driver.o
                0x0800a602                LSM303AGR_MAG_W_ST
 .text.LSM303AGR_MAG_W_I2C_DIS
                0x0800a65c       0x5a Drivers/BSP/Components/LSM303AGR_MAG_driver.o
                0x0800a65c                LSM303AGR_MAG_W_I2C_DIS
 .text.LSM303AGR_MAG_R_ZYXDA
                0x0800a6b6       0x38 Drivers/BSP/Components/LSM303AGR_MAG_driver.o
                0x0800a6b6                LSM303AGR_MAG_R_ZYXDA
 .text.LSM303AGR_M_Init
                0x0800a6ee       0x9a Drivers/BSP/Components/LSM303AGR_MAG_driver_HL.o
 .text.LSM303AGR_M_DeInit
                0x0800a788       0x50 Drivers/BSP/Components/LSM303AGR_MAG_driver_HL.o
 .text.LSM303AGR_M_Sensor_Enable
                0x0800a7d8       0x36 Drivers/BSP/Components/LSM303AGR_MAG_driver_HL.o
 .text.LSM303AGR_M_Sensor_Disable
                0x0800a80e       0x36 Drivers/BSP/Components/LSM303AGR_MAG_driver_HL.o
 .text.LSM303AGR_M_Get_WhoAmI
                0x0800a844       0x26 Drivers/BSP/Components/LSM303AGR_MAG_driver_HL.o
 .text.LSM303AGR_M_Check_WhoAmI
                0x0800a86a       0x3a Drivers/BSP/Components/LSM303AGR_MAG_driver_HL.o
 .text.LSM303AGR_M_Get_Axes
                0x0800a8a4       0xa6 Drivers/BSP/Components/LSM303AGR_MAG_driver_HL.o
 .text.LSM303AGR_M_Get_AxesRaw
                0x0800a94a       0x42 Drivers/BSP/Components/LSM303AGR_MAG_driver_HL.o
 .text.LSM303AGR_M_Get_Sensitivity
                0x0800a98c       0x20 Drivers/BSP/Components/LSM303AGR_MAG_driver_HL.o
 .text.LSM303AGR_M_Get_ODR
                0x0800a9ac       0xa8 Drivers/BSP/Components/LSM303AGR_MAG_driver_HL.o
 .text.LSM303AGR_M_Set_ODR
                0x0800aa54       0x6c Drivers/BSP/Components/LSM303AGR_MAG_driver_HL.o
 .text.LSM303AGR_M_Set_ODR_Value
                0x0800aac0       0x74 Drivers/BSP/Components/LSM303AGR_MAG_driver_HL.o
 .text.LSM303AGR_M_Get_FS
                0x0800ab34       0x24 Drivers/BSP/Components/LSM303AGR_MAG_driver_HL.o
 .text.LSM303AGR_M_Set_FS
                0x0800ab58       0x1a Drivers/BSP/Components/LSM303AGR_MAG_driver_HL.o
 .text.LSM303AGR_M_Set_FS_Value
                0x0800ab72       0x1a Drivers/BSP/Components/LSM303AGR_MAG_driver_HL.o
 .text.LSM303AGR_M_Read_Reg
                0x0800ab8c       0x2e Drivers/BSP/Components/LSM303AGR_MAG_driver_HL.o
 .text.LSM303AGR_M_Write_Reg
                0x0800abba       0x30 Drivers/BSP/Components/LSM303AGR_MAG_driver_HL.o
 .text.LSM303AGR_M_Get_DRDY_Status
                0x0800abea       0x48 Drivers/BSP/Components/LSM303AGR_MAG_driver_HL.o
 .text.LSM303AGR_M_Get_Axes_Raw
                0x0800ac32       0x5c Drivers/BSP/Components/LSM303AGR_MAG_driver_HL.o
 .text.LSM6DSM_ACC_GYRO_ReadReg
                0x0800ac8e       0x2e Drivers/BSP/Components/LSM6DSM_ACC_GYRO_driver.o
                0x0800ac8e                LSM6DSM_ACC_GYRO_ReadReg
 .text.LSM6DSM_ACC_GYRO_WriteReg
                0x0800acbc       0x30 Drivers/BSP/Components/LSM6DSM_ACC_GYRO_driver.o
                0x0800acbc                LSM6DSM_ACC_GYRO_WriteReg
 .text.LSM6DSM_ACC_GYRO_W_EmbeddedAccess
                0x0800acec       0x58 Drivers/BSP/Components/LSM6DSM_ACC_GYRO_driver.o
                0x0800acec                LSM6DSM_ACC_GYRO_W_EmbeddedAccess
 .text.LSM6DSM_ACC_GYRO_W_FIFO_MODE
                0x0800ad44       0x58 Drivers/BSP/Components/LSM6DSM_ACC_GYRO_driver.o
                0x0800ad44                LSM6DSM_ACC_GYRO_W_FIFO_MODE
 .text.LSM6DSM_ACC_GYRO_W_STEP_DELTA_on_INT2
                0x0800ad9c       0x58 Drivers/BSP/Components/LSM6DSM_ACC_GYRO_driver.o
                0x0800ad9c                LSM6DSM_ACC_GYRO_W_STEP_DELTA_on_INT2
 .text.LSM6DSM_ACC_GYRO_R_WHO_AM_I
                0x0800adf4       0x38 Drivers/BSP/Components/LSM6DSM_ACC_GYRO_driver.o
                0x0800adf4                LSM6DSM_ACC_GYRO_R_WHO_AM_I
 .text.LSM6DSM_ACC_GYRO_W_FS_XL
                0x0800ae2c       0x58 Drivers/BSP/Components/LSM6DSM_ACC_GYRO_driver.o
                0x0800ae2c                LSM6DSM_ACC_GYRO_W_FS_XL
 .text.LSM6DSM_ACC_GYRO_R_FS_XL
                0x0800ae84       0x36 Drivers/BSP/Components/LSM6DSM_ACC_GYRO_driver.o
                0x0800ae84                LSM6DSM_ACC_GYRO_R_FS_XL
 .text.LSM6DSM_ACC_GYRO_W_ODR_XL
                0x0800aeba       0x58 Drivers/BSP/Components/LSM6DSM_ACC_GYRO_driver.o
                0x0800aeba                LSM6DSM_ACC_GYRO_W_ODR_XL
 .text.LSM6DSM_ACC_GYRO_R_ODR_XL
                0x0800af12       0x36 Drivers/BSP/Components/LSM6DSM_ACC_GYRO_driver.o
                0x0800af12                LSM6DSM_ACC_GYRO_R_ODR_XL
 .text.LSM6DSM_ACC_GYRO_W_FS_125
                0x0800af48       0x58 Drivers/BSP/Components/LSM6DSM_ACC_GYRO_driver.o
                0x0800af48                LSM6DSM_ACC_GYRO_W_FS_125
 .text.LSM6DSM_ACC_GYRO_R_FS_125
                0x0800afa0       0x36 Drivers/BSP/Components/LSM6DSM_ACC_GYRO_driver.o
                0x0800afa0                LSM6DSM_ACC_GYRO_R_FS_125
 .text.LSM6DSM_ACC_GYRO_W_FS_G
                0x0800afd6       0x58 Drivers/BSP/Components/LSM6DSM_ACC_GYRO_driver.o
                0x0800afd6                LSM6DSM_ACC_GYRO_W_FS_G
 .text.LSM6DSM_ACC_GYRO_R_FS_G
                0x0800b02e       0x36 Drivers/BSP/Components/LSM6DSM_ACC_GYRO_driver.o
                0x0800b02e                LSM6DSM_ACC_GYRO_R_FS_G
 .text.LSM6DSM_ACC_GYRO_W_ODR_G
                0x0800b064       0x58 Drivers/BSP/Components/LSM6DSM_ACC_GYRO_driver.o
                0x0800b064                LSM6DSM_ACC_GYRO_W_ODR_G
 .text.LSM6DSM_ACC_GYRO_R_ODR_G
                0x0800b0bc       0x36 Drivers/BSP/Components/LSM6DSM_ACC_GYRO_driver.o
                0x0800b0bc                LSM6DSM_ACC_GYRO_R_ODR_G
 .text.LSM6DSM_ACC_GYRO_W_IF_Addr_Incr
                0x0800b0f2       0x58 Drivers/BSP/Components/LSM6DSM_ACC_GYRO_driver.o
                0x0800b0f2                LSM6DSM_ACC_GYRO_W_IF_Addr_Incr
 .text.LSM6DSM_ACC_GYRO_W_BDU
                0x0800b14a       0x58 Drivers/BSP/Components/LSM6DSM_ACC_GYRO_driver.o
                0x0800b14a                LSM6DSM_ACC_GYRO_W_BDU
 .text.LSM6DSM_ACC_GYRO_W_I2C_DISABLE
                0x0800b1a2       0x58 Drivers/BSP/Components/LSM6DSM_ACC_GYRO_driver.o
                0x0800b1a2                LSM6DSM_ACC_GYRO_W_I2C_DISABLE
 .text.LSM6DSM_ACC_GYRO_W_PedoStepReset
                0x0800b1fa       0x58 Drivers/BSP/Components/LSM6DSM_ACC_GYRO_driver.o
                0x0800b1fa                LSM6DSM_ACC_GYRO_W_PedoStepReset
 .text.LSM6DSM_ACC_GYRO_W_TILT
                0x0800b252       0x58 Drivers/BSP/Components/LSM6DSM_ACC_GYRO_driver.o
                0x0800b252                LSM6DSM_ACC_GYRO_W_TILT
 .text.LSM6DSM_ACC_GYRO_W_PEDO
                0x0800b2aa       0x58 Drivers/BSP/Components/LSM6DSM_ACC_GYRO_driver.o
                0x0800b2aa                LSM6DSM_ACC_GYRO_W_PEDO
 .text.LSM6DSM_ACC_GYRO_W_FUNC_EN
                0x0800b302       0x58 Drivers/BSP/Components/LSM6DSM_ACC_GYRO_driver.o
                0x0800b302                LSM6DSM_ACC_GYRO_W_FUNC_EN
 .text.LSM6DSM_ACC_GYRO_R_WU_EV_STATUS
                0x0800b35a       0x36 Drivers/BSP/Components/LSM6DSM_ACC_GYRO_driver.o
                0x0800b35a                LSM6DSM_ACC_GYRO_R_WU_EV_STATUS
 .text.LSM6DSM_ACC_GYRO_R_FF_EV_STATUS
                0x0800b390       0x36 Drivers/BSP/Components/LSM6DSM_ACC_GYRO_driver.o
                0x0800b390                LSM6DSM_ACC_GYRO_R_FF_EV_STATUS
 .text.LSM6DSM_ACC_GYRO_R_DOUBLE_TAP_EV_STATUS
                0x0800b3c6       0x36 Drivers/BSP/Components/LSM6DSM_ACC_GYRO_driver.o
                0x0800b3c6                LSM6DSM_ACC_GYRO_R_DOUBLE_TAP_EV_STATUS
 .text.LSM6DSM_ACC_GYRO_R_SINGLE_TAP_EV_STATUS
                0x0800b3fc       0x36 Drivers/BSP/Components/LSM6DSM_ACC_GYRO_driver.o
                0x0800b3fc                LSM6DSM_ACC_GYRO_R_SINGLE_TAP_EV_STATUS
 .text.LSM6DSM_ACC_GYRO_R_DSD_XL
                0x0800b432       0x36 Drivers/BSP/Components/LSM6DSM_ACC_GYRO_driver.o
                0x0800b432                LSM6DSM_ACC_GYRO_R_DSD_XL
 .text.LSM6DSM_ACC_GYRO_R_DSD_XH
                0x0800b468       0x36 Drivers/BSP/Components/LSM6DSM_ACC_GYRO_driver.o
                0x0800b468                LSM6DSM_ACC_GYRO_R_DSD_XH
 .text.LSM6DSM_ACC_GYRO_R_DSD_YL
                0x0800b49e       0x36 Drivers/BSP/Components/LSM6DSM_ACC_GYRO_driver.o
                0x0800b49e                LSM6DSM_ACC_GYRO_R_DSD_YL
 .text.LSM6DSM_ACC_GYRO_R_DSD_YH
                0x0800b4d4       0x36 Drivers/BSP/Components/LSM6DSM_ACC_GYRO_driver.o
                0x0800b4d4                LSM6DSM_ACC_GYRO_R_DSD_YH
 .text.LSM6DSM_ACC_GYRO_R_DSD_ZL
                0x0800b50a       0x36 Drivers/BSP/Components/LSM6DSM_ACC_GYRO_driver.o
                0x0800b50a                LSM6DSM_ACC_GYRO_R_DSD_ZL
 .text.LSM6DSM_ACC_GYRO_R_DSD_ZH
                0x0800b540       0x36 Drivers/BSP/Components/LSM6DSM_ACC_GYRO_driver.o
                0x0800b540                LSM6DSM_ACC_GYRO_R_DSD_ZH
 .text.LSM6DSM_ACC_GYRO_R_D6D_EV_STATUS
                0x0800b576       0x36 Drivers/BSP/Components/LSM6DSM_ACC_GYRO_driver.o
                0x0800b576                LSM6DSM_ACC_GYRO_R_D6D_EV_STATUS
 .text.LSM6DSM_ACC_GYRO_R_XLDA
                0x0800b5ac       0x36 Drivers/BSP/Components/LSM6DSM_ACC_GYRO_driver.o
                0x0800b5ac                LSM6DSM_ACC_GYRO_R_XLDA
 .text.LSM6DSM_ACC_GYRO_R_GDA
                0x0800b5e2       0x36 Drivers/BSP/Components/LSM6DSM_ACC_GYRO_driver.o
                0x0800b5e2                LSM6DSM_ACC_GYRO_R_GDA
 .text.LSM6DSM_ACC_GYRO_R_PEDO_EV_STATUS
                0x0800b618       0x36 Drivers/BSP/Components/LSM6DSM_ACC_GYRO_driver.o
                0x0800b618                LSM6DSM_ACC_GYRO_R_PEDO_EV_STATUS
 .text.LSM6DSM_ACC_GYRO_R_TILT_EV_STATUS
                0x0800b64e       0x36 Drivers/BSP/Components/LSM6DSM_ACC_GYRO_driver.o
                0x0800b64e                LSM6DSM_ACC_GYRO_R_TILT_EV_STATUS
 .text.LSM6DSM_ACC_GYRO_W_TAP_Z_EN
                0x0800b684       0x58 Drivers/BSP/Components/LSM6DSM_ACC_GYRO_driver.o
                0x0800b684                LSM6DSM_ACC_GYRO_W_TAP_Z_EN
 .text.LSM6DSM_ACC_GYRO_W_TAP_Y_EN
                0x0800b6dc       0x58 Drivers/BSP/Components/LSM6DSM_ACC_GYRO_driver.o
                0x0800b6dc                LSM6DSM_ACC_GYRO_W_TAP_Y_EN
 .text.LSM6DSM_ACC_GYRO_W_TAP_X_EN
                0x0800b734       0x58 Drivers/BSP/Components/LSM6DSM_ACC_GYRO_driver.o
                0x0800b734                LSM6DSM_ACC_GYRO_W_TAP_X_EN
 .text.LSM6DSM_ACC_GYRO_W_BASIC_INT
                0x0800b78c       0x58 Drivers/BSP/Components/LSM6DSM_ACC_GYRO_driver.o
                0x0800b78c                LSM6DSM_ACC_GYRO_W_BASIC_INT
 .text.LSM6DSM_ACC_GYRO_W_TAP_THS
                0x0800b7e4       0x60 Drivers/BSP/Components/LSM6DSM_ACC_GYRO_driver.o
                0x0800b7e4                LSM6DSM_ACC_GYRO_W_TAP_THS
 .text.LSM6DSM_ACC_GYRO_W_SIXD_THS
                0x0800b844       0x58 Drivers/BSP/Components/LSM6DSM_ACC_GYRO_driver.o
                0x0800b844                LSM6DSM_ACC_GYRO_W_SIXD_THS
 .text.LSM6DSM_ACC_GYRO_W_SHOCK_Duration
                0x0800b89c       0x60 Drivers/BSP/Components/LSM6DSM_ACC_GYRO_driver.o
                0x0800b89c                LSM6DSM_ACC_GYRO_W_SHOCK_Duration
 .text.LSM6DSM_ACC_GYRO_W_QUIET_Duration
                0x0800b8fc       0x66 Drivers/BSP/Components/LSM6DSM_ACC_GYRO_driver.o
                0x0800b8fc                LSM6DSM_ACC_GYRO_W_QUIET_Duration
 .text.LSM6DSM_ACC_GYRO_W_DUR
                0x0800b962       0x66 Drivers/BSP/Components/LSM6DSM_ACC_GYRO_driver.o
                0x0800b962                LSM6DSM_ACC_GYRO_W_DUR
 .text.LSM6DSM_ACC_GYRO_W_WK_THS
                0x0800b9c8       0x60 Drivers/BSP/Components/LSM6DSM_ACC_GYRO_driver.o
                0x0800b9c8                LSM6DSM_ACC_GYRO_W_WK_THS
 .text.LSM6DSM_ACC_GYRO_W_SINGLE_DOUBLE_TAP_EV
                0x0800ba28       0x58 Drivers/BSP/Components/LSM6DSM_ACC_GYRO_driver.o
                0x0800ba28                LSM6DSM_ACC_GYRO_W_SINGLE_DOUBLE_TAP_EV
 .text.LSM6DSM_ACC_GYRO_W_SLEEP_DUR
                0x0800ba80       0x60 Drivers/BSP/Components/LSM6DSM_ACC_GYRO_driver.o
                0x0800ba80                LSM6DSM_ACC_GYRO_W_SLEEP_DUR
 .text.LSM6DSM_ACC_GYRO_W_TIMER_HR
                0x0800bae0       0x58 Drivers/BSP/Components/LSM6DSM_ACC_GYRO_driver.o
                0x0800bae0                LSM6DSM_ACC_GYRO_W_TIMER_HR
 .text.LSM6DSM_ACC_GYRO_W_WAKE_DUR
                0x0800bb38       0x66 Drivers/BSP/Components/LSM6DSM_ACC_GYRO_driver.o
                0x0800bb38                LSM6DSM_ACC_GYRO_W_WAKE_DUR
 .text.LSM6DSM_ACC_GYRO_W_FF_THS
                0x0800bb9e       0x58 Drivers/BSP/Components/LSM6DSM_ACC_GYRO_driver.o
                0x0800bb9e                LSM6DSM_ACC_GYRO_W_FF_THS
 .text.LSM6DSM_ACC_GYRO_W_FF_Duration
                0x0800bbf6       0xca Drivers/BSP/Components/LSM6DSM_ACC_GYRO_driver.o
                0x0800bbf6                LSM6DSM_ACC_GYRO_W_FF_Duration
 .text.LSM6DSM_ACC_GYRO_W_TiltEvOnInt2
                0x0800bcc0       0x58 Drivers/BSP/Components/LSM6DSM_ACC_GYRO_driver.o
                0x0800bcc0                LSM6DSM_ACC_GYRO_W_TiltEvOnInt2
 .text.LSM6DSM_ACC_GYRO_W_6DEvOnInt2
                0x0800bd18       0x58 Drivers/BSP/Components/LSM6DSM_ACC_GYRO_driver.o
                0x0800bd18                LSM6DSM_ACC_GYRO_W_6DEvOnInt2
 .text.LSM6DSM_ACC_GYRO_W_TapEvOnInt2
                0x0800bd70       0x58 Drivers/BSP/Components/LSM6DSM_ACC_GYRO_driver.o
                0x0800bd70                LSM6DSM_ACC_GYRO_W_TapEvOnInt2
 .text.LSM6DSM_ACC_GYRO_W_FFEvOnInt2
                0x0800bdc8       0x58 Drivers/BSP/Components/LSM6DSM_ACC_GYRO_driver.o
                0x0800bdc8                LSM6DSM_ACC_GYRO_W_FFEvOnInt2
 .text.LSM6DSM_ACC_GYRO_W_WUEvOnInt2
                0x0800be20       0x58 Drivers/BSP/Components/LSM6DSM_ACC_GYRO_driver.o
                0x0800be20                LSM6DSM_ACC_GYRO_W_WUEvOnInt2
 .text.LSM6DSM_ACC_GYRO_W_SingleTapOnInt2
                0x0800be78       0x58 Drivers/BSP/Components/LSM6DSM_ACC_GYRO_driver.o
                0x0800be78                LSM6DSM_ACC_GYRO_W_SingleTapOnInt2
 .text.LSM6DSM_ACC_GYRO_GetRawGyroData
                0x0800bed0       0x66 Drivers/BSP/Components/LSM6DSM_ACC_GYRO_driver.o
                0x0800bed0                LSM6DSM_ACC_GYRO_GetRawGyroData
 .text.LSM6DSM_ACC_GYRO_GetRawAccData
                0x0800bf36       0x66 Drivers/BSP/Components/LSM6DSM_ACC_GYRO_driver.o
                0x0800bf36                LSM6DSM_ACC_GYRO_GetRawAccData
 .text.LSM6DSM_ACC_GYRO_Get_GetStepCounter
                0x0800bf9c       0x66 Drivers/BSP/Components/LSM6DSM_ACC_GYRO_driver.o
                0x0800bf9c                LSM6DSM_ACC_GYRO_Get_GetStepCounter
 .text.LSM6DSM_ACC_GYRO_W_PedoThreshold
                0x0800c002       0x88 Drivers/BSP/Components/LSM6DSM_ACC_GYRO_driver.o
                0x0800c002                LSM6DSM_ACC_GYRO_W_PedoThreshold
 *fill*         0x0800c08a        0x2 
 .text.LSM6DSM_X_Init
                0x0800c08c       0xa4 Drivers/BSP/Components/LSM6DSM_ACC_GYRO_driver_HL.o
 .text.LSM6DSM_X_DeInit
                0x0800c130       0xc8 Drivers/BSP/Components/LSM6DSM_ACC_GYRO_driver_HL.o
 .text.LSM6DSM_X_Sensor_Enable
                0x0800c1f8       0x4a Drivers/BSP/Components/LSM6DSM_ACC_GYRO_driver_HL.o
 .text.LSM6DSM_X_Sensor_Disable
                0x0800c242       0x58 Drivers/BSP/Components/LSM6DSM_ACC_GYRO_driver_HL.o
 .text.LSM6DSM_X_Get_WhoAmI
                0x0800c29a       0x1c Drivers/BSP/Components/LSM6DSM_ACC_GYRO_driver_HL.o
 .text.LSM6DSM_X_Check_WhoAmI
                0x0800c2b6       0x18 Drivers/BSP/Components/LSM6DSM_ACC_GYRO_driver_HL.o
 .text.LSM6DSM_X_Get_Axes
                0x0800c2ce       0xa6 Drivers/BSP/Components/LSM6DSM_ACC_GYRO_driver_HL.o
 .text.LSM6DSM_X_Get_AxesRaw
                0x0800c374       0x42 Drivers/BSP/Components/LSM6DSM_ACC_GYRO_driver_HL.o
 *fill*         0x0800c3b6        0x2 
 .text.LSM6DSM_X_Get_Sensitivity
                0x0800c3b8       0xa8 Drivers/BSP/Components/LSM6DSM_ACC_GYRO_driver_HL.o
 .text.LSM6DSM_X_Get_ODR
                0x0800c460       0xfc Drivers/BSP/Components/LSM6DSM_ACC_GYRO_driver_HL.o
 .text.LSM6DSM_X_Set_ODR
                0x0800c55c       0x46 Drivers/BSP/Components/LSM6DSM_ACC_GYRO_driver_HL.o
 .text.LSM6DSM_X_Set_ODR_Value
                0x0800c5a2       0x46 Drivers/BSP/Components/LSM6DSM_ACC_GYRO_driver_HL.o
 .text.LSM6DSM_X_Get_FS
                0x0800c5e8       0xa0 Drivers/BSP/Components/LSM6DSM_ACC_GYRO_driver_HL.o
 .text.LSM6DSM_X_Set_FS
                0x0800c688       0x4e Drivers/BSP/Components/LSM6DSM_ACC_GYRO_driver_HL.o
 .text.LSM6DSM_X_Set_FS_Value
                0x0800c6d6       0x70 Drivers/BSP/Components/LSM6DSM_ACC_GYRO_driver_HL.o
 *fill*         0x0800c746        0x2 
 .text.LSM6DSM_G_Init
                0x0800c748       0xa4 Drivers/BSP/Components/LSM6DSM_ACC_GYRO_driver_HL.o
 .text.LSM6DSM_G_DeInit
                0x0800c7ec       0x58 Drivers/BSP/Components/LSM6DSM_ACC_GYRO_driver_HL.o
 .text.LSM6DSM_G_Sensor_Enable
                0x0800c844       0x4a Drivers/BSP/Components/LSM6DSM_ACC_GYRO_driver_HL.o
 .text.LSM6DSM_G_Sensor_Disable
                0x0800c88e       0x58 Drivers/BSP/Components/LSM6DSM_ACC_GYRO_driver_HL.o
 .text.LSM6DSM_G_Get_WhoAmI
                0x0800c8e6       0x1c Drivers/BSP/Components/LSM6DSM_ACC_GYRO_driver_HL.o
 .text.LSM6DSM_G_Check_WhoAmI
                0x0800c902       0x18 Drivers/BSP/Components/LSM6DSM_ACC_GYRO_driver_HL.o
 .text.LSM6DSM_G_Get_Axes
                0x0800c91a       0xa6 Drivers/BSP/Components/LSM6DSM_ACC_GYRO_driver_HL.o
 .text.LSM6DSM_G_Get_AxesRaw
                0x0800c9c0       0x42 Drivers/BSP/Components/LSM6DSM_ACC_GYRO_driver_HL.o
 *fill*         0x0800ca02        0x2 
 .text.LSM6DSM_G_Get_Sensitivity
                0x0800ca04       0xd0 Drivers/BSP/Components/LSM6DSM_ACC_GYRO_driver_HL.o
 .text.LSM6DSM_G_Get_ODR
                0x0800cad4       0xfc Drivers/BSP/Components/LSM6DSM_ACC_GYRO_driver_HL.o
 .text.LSM6DSM_G_Set_ODR
                0x0800cbd0       0x46 Drivers/BSP/Components/LSM6DSM_ACC_GYRO_driver_HL.o
 .text.LSM6DSM_G_Set_ODR_Value
                0x0800cc16       0x46 Drivers/BSP/Components/LSM6DSM_ACC_GYRO_driver_HL.o
 .text.LSM6DSM_G_Get_FS
                0x0800cc5c       0xd0 Drivers/BSP/Components/LSM6DSM_ACC_GYRO_driver_HL.o
 .text.LSM6DSM_G_Set_FS
                0x0800cd2c       0x4e Drivers/BSP/Components/LSM6DSM_ACC_GYRO_driver_HL.o
 *fill*         0x0800cd7a        0x2 
 .text.LSM6DSM_G_Set_FS_Value
                0x0800cd7c       0xb8 Drivers/BSP/Components/LSM6DSM_ACC_GYRO_driver_HL.o
 .text.LSM6DSM_Get_WhoAmI
                0x0800ce34       0x26 Drivers/BSP/Components/LSM6DSM_ACC_GYRO_driver_HL.o
 .text.LSM6DSM_Check_WhoAmI
                0x0800ce5a       0x3a Drivers/BSP/Components/LSM6DSM_ACC_GYRO_driver_HL.o
 .text.LSM6DSM_X_Get_Axes_Raw
                0x0800ce94       0x7a Drivers/BSP/Components/LSM6DSM_ACC_GYRO_driver_HL.o
 *fill*         0x0800cf0e        0x2 
 .text.LSM6DSM_X_Set_ODR_When_Enabled
                0x0800cf10       0x6c Drivers/BSP/Components/LSM6DSM_ACC_GYRO_driver_HL.o
 .text.LSM6DSM_X_Set_ODR_When_Disabled
                0x0800cf7c       0x84 Drivers/BSP/Components/LSM6DSM_ACC_GYRO_driver_HL.o
 .text.LSM6DSM_X_Set_ODR_Value_When_Enabled
                0x0800d000      0x110 Drivers/BSP/Components/LSM6DSM_ACC_GYRO_driver_HL.o
 .text.LSM6DSM_X_Set_ODR_Value_When_Disabled
                0x0800d110      0x138 Drivers/BSP/Components/LSM6DSM_ACC_GYRO_driver_HL.o
 .text.LSM6DSM_G_Get_Axes_Raw
                0x0800d248       0x7a Drivers/BSP/Components/LSM6DSM_ACC_GYRO_driver_HL.o
 *fill*         0x0800d2c2        0x2 
 .text.LSM6DSM_G_Set_ODR_When_Enabled
                0x0800d2c4       0x6c Drivers/BSP/Components/LSM6DSM_ACC_GYRO_driver_HL.o
 .text.LSM6DSM_G_Set_ODR_When_Disabled
                0x0800d330       0x84 Drivers/BSP/Components/LSM6DSM_ACC_GYRO_driver_HL.o
 .text.LSM6DSM_G_Set_ODR_Value_When_Enabled
                0x0800d3b4      0x110 Drivers/BSP/Components/LSM6DSM_ACC_GYRO_driver_HL.o
 .text.LSM6DSM_G_Set_ODR_Value_When_Disabled
                0x0800d4c4      0x138 Drivers/BSP/Components/LSM6DSM_ACC_GYRO_driver_HL.o
 .text.LSM6DSM_X_Enable_Free_Fall_Detection
                0x0800d5fc       0xbc Drivers/BSP/Components/LSM6DSM_ACC_GYRO_driver_HL.o
 .text.LSM6DSM_X_Disable_Free_Fall_Detection
                0x0800d6b8       0x5a Drivers/BSP/Components/LSM6DSM_ACC_GYRO_driver_HL.o
 .text.LSM6DSM_X_Get_Free_Fall_Detection_Status
                0x0800d712       0x48 Drivers/BSP/Components/LSM6DSM_ACC_GYRO_driver_HL.o
 .text.LSM6DSM_X_Set_Free_Fall_Threshold
                0x0800d75a       0x2a Drivers/BSP/Components/LSM6DSM_ACC_GYRO_driver_HL.o
 .text.LSM6DSM_X_Enable_Pedometer
                0x0800d784       0x80 Drivers/BSP/Components/LSM6DSM_ACC_GYRO_driver_HL.o
 .text.LSM6DSM_X_Disable_Pedometer
                0x0800d804       0x5a Drivers/BSP/Components/LSM6DSM_ACC_GYRO_driver_HL.o
 .text.LSM6DSM_X_Get_Pedometer_Status
                0x0800d85e       0x48 Drivers/BSP/Components/LSM6DSM_ACC_GYRO_driver_HL.o
 .text.LSM6DSM_X_Get_Step_Count
                0x0800d8a6       0x26 Drivers/BSP/Components/LSM6DSM_ACC_GYRO_driver_HL.o
 .text.LSM6DSM_X_Enable_Step_Counter_Reset
                0x0800d8cc       0x24 Drivers/BSP/Components/LSM6DSM_ACC_GYRO_driver_HL.o
 .text.LSM6DSM_X_Disable_Step_Counter_Reset
                0x0800d8f0       0x24 Drivers/BSP/Components/LSM6DSM_ACC_GYRO_driver_HL.o
 .text.LSM6DSM_X_Set_Pedometer_Threshold
                0x0800d914       0x2a Drivers/BSP/Components/LSM6DSM_ACC_GYRO_driver_HL.o
 .text.LSM6DSM_X_Enable_Tilt_Detection
                0x0800d93e       0x6e Drivers/BSP/Components/LSM6DSM_ACC_GYRO_driver_HL.o
 .text.LSM6DSM_X_Disable_Tilt_Detection
                0x0800d9ac       0x48 Drivers/BSP/Components/LSM6DSM_ACC_GYRO_driver_HL.o
 .text.LSM6DSM_X_Get_Tilt_Detection_Status
                0x0800d9f4       0x48 Drivers/BSP/Components/LSM6DSM_ACC_GYRO_driver_HL.o
 .text.LSM6DSM_X_Enable_Wake_Up_Detection
                0x0800da3c       0x84 Drivers/BSP/Components/LSM6DSM_ACC_GYRO_driver_HL.o
 .text.LSM6DSM_X_Disable_Wake_Up_Detection
                0x0800dac0       0x5a Drivers/BSP/Components/LSM6DSM_ACC_GYRO_driver_HL.o
 .text.LSM6DSM_X_Get_Wake_Up_Detection_Status
                0x0800db1a       0x48 Drivers/BSP/Components/LSM6DSM_ACC_GYRO_driver_HL.o
 .text.LSM6DSM_X_Set_Wake_Up_Threshold
                0x0800db62       0x2a Drivers/BSP/Components/LSM6DSM_ACC_GYRO_driver_HL.o
 .text.LSM6DSM_X_Enable_Single_Tap_Detection
                0x0800db8c       0xcc Drivers/BSP/Components/LSM6DSM_ACC_GYRO_driver_HL.o
 .text.LSM6DSM_X_Disable_Single_Tap_Detection
                0x0800dc58       0xa2 Drivers/BSP/Components/LSM6DSM_ACC_GYRO_driver_HL.o
 .text.LSM6DSM_X_Get_Single_Tap_Detection_Status
                0x0800dcfa       0x48 Drivers/BSP/Components/LSM6DSM_ACC_GYRO_driver_HL.o
 *fill*         0x0800dd42        0x2 
 .text.LSM6DSM_X_Enable_Double_Tap_Detection
                0x0800dd44       0xf0 Drivers/BSP/Components/LSM6DSM_ACC_GYRO_driver_HL.o
 .text.LSM6DSM_X_Disable_Double_Tap_Detection
                0x0800de34       0xc6 Drivers/BSP/Components/LSM6DSM_ACC_GYRO_driver_HL.o
 .text.LSM6DSM_X_Get_Double_Tap_Detection_Status
                0x0800defa       0x48 Drivers/BSP/Components/LSM6DSM_ACC_GYRO_driver_HL.o
 .text.LSM6DSM_X_Set_Tap_Threshold
                0x0800df42       0x2a Drivers/BSP/Components/LSM6DSM_ACC_GYRO_driver_HL.o
 .text.LSM6DSM_X_Set_Tap_Shock_Time
                0x0800df6c       0x2a Drivers/BSP/Components/LSM6DSM_ACC_GYRO_driver_HL.o
 .text.LSM6DSM_X_Set_Tap_Quiet_Time
                0x0800df96       0x2a Drivers/BSP/Components/LSM6DSM_ACC_GYRO_driver_HL.o
 .text.LSM6DSM_X_Set_Tap_Duration_Time
                0x0800dfc0       0x2a Drivers/BSP/Components/LSM6DSM_ACC_GYRO_driver_HL.o
 *fill*         0x0800dfea        0x2 
 .text.LSM6DSM_X_Enable_6D_Orientation
                0x0800dfec       0x74 Drivers/BSP/Components/LSM6DSM_ACC_GYRO_driver_HL.o
 .text.LSM6DSM_X_Disable_6D_Orientation
                0x0800e060       0x48 Drivers/BSP/Components/LSM6DSM_ACC_GYRO_driver_HL.o
 .text.LSM6DSM_X_Get_6D_Orientation_Status
                0x0800e0a8       0x48 Drivers/BSP/Components/LSM6DSM_ACC_GYRO_driver_HL.o
 .text.LSM6DSM_X_Get_6D_Orientation_XL
                0x0800e0f0       0x48 Drivers/BSP/Components/LSM6DSM_ACC_GYRO_driver_HL.o
 .text.LSM6DSM_X_Get_6D_Orientation_XH
                0x0800e138       0x48 Drivers/BSP/Components/LSM6DSM_ACC_GYRO_driver_HL.o
 .text.LSM6DSM_X_Get_6D_Orientation_YL
                0x0800e180       0x48 Drivers/BSP/Components/LSM6DSM_ACC_GYRO_driver_HL.o
 .text.LSM6DSM_X_Get_6D_Orientation_YH
                0x0800e1c8       0x48 Drivers/BSP/Components/LSM6DSM_ACC_GYRO_driver_HL.o
 .text.LSM6DSM_X_Get_6D_Orientation_ZL
                0x0800e210       0x48 Drivers/BSP/Components/LSM6DSM_ACC_GYRO_driver_HL.o
 .text.LSM6DSM_X_Get_6D_Orientation_ZH
                0x0800e258       0x48 Drivers/BSP/Components/LSM6DSM_ACC_GYRO_driver_HL.o
 .text.LSM6DSM_X_Read_Reg
                0x0800e2a0       0x2e Drivers/BSP/Components/LSM6DSM_ACC_GYRO_driver_HL.o
 .text.LSM6DSM_X_Write_Reg
                0x0800e2ce       0x30 Drivers/BSP/Components/LSM6DSM_ACC_GYRO_driver_HL.o
 .text.LSM6DSM_X_Get_DRDY_Status
                0x0800e2fe       0x48 Drivers/BSP/Components/LSM6DSM_ACC_GYRO_driver_HL.o
 .text.LSM6DSM_G_Read_Reg
                0x0800e346       0x2e Drivers/BSP/Components/LSM6DSM_ACC_GYRO_driver_HL.o
 .text.LSM6DSM_G_Write_Reg
                0x0800e374       0x30 Drivers/BSP/Components/LSM6DSM_ACC_GYRO_driver_HL.o
 .text.LSM6DSM_G_Get_DRDY_Status
                0x0800e3a4       0x48 Drivers/BSP/Components/LSM6DSM_ACC_GYRO_driver_HL.o
 .text.STC3115_Init
                0x0800e3ec      0x254 Drivers/BSP/Components/STC3115_Driver.o
 .text.STC3115_DeInit
                0x0800e640       0x1c Drivers/BSP/Components/STC3115_Driver.o
 .text.STC3115_Get_WhoAmI
                0x0800e65c       0x2a Drivers/BSP/Components/STC3115_Driver.o
 *fill*         0x0800e686        0x2 
 .text.STC3115_Task
                0x0800e688      0x2a8 Drivers/BSP/Components/STC3115_Driver.o
 .text.STC3115_Reset
                0x0800e930       0x52 Drivers/BSP/Components/STC3115_Driver.o
 .text.STC3115_Stop
                0x0800e982       0x4e Drivers/BSP/Components/STC3115_Driver.o
 .text.STC3115_GetSOC
                0x0800e9d0       0x38 Drivers/BSP/Components/STC3115_Driver.o
 .text.STC3115_GetOCV
                0x0800ea08       0x26 Drivers/BSP/Components/STC3115_Driver.o
 .text.STC3115_GetCurrent
                0x0800ea2e       0x24 Drivers/BSP/Components/STC3115_Driver.o
 .text.STC3115_GetTemperature
                0x0800ea52       0x24 Drivers/BSP/Components/STC3115_Driver.o
 .text.STC3115_GetVoltage
                0x0800ea76       0x26 Drivers/BSP/Components/STC3115_Driver.o
 .text.STC3115_GetChargeValue
                0x0800ea9c       0x26 Drivers/BSP/Components/STC3115_Driver.o
 .text.STC3115_GetPresence
                0x0800eac2       0x26 Drivers/BSP/Components/STC3115_Driver.o
 .text.STC3115_GetAlarmStatus
                0x0800eae8       0x2a Drivers/BSP/Components/STC3115_Driver.o
 .text.STC3115_Status
                0x0800eb12       0x52 Drivers/BSP/Components/STC3115_Driver.o
 .text.STC3115_CalcRamCRC8
                0x0800eb64       0x6c Drivers/BSP/Components/STC3115_Driver.o
 .text.STC3115_UpdateRamCRC
                0x0800ebd0       0x30 Drivers/BSP/Components/STC3115_Driver.o
 .text.STC3115_InitRamData
                0x0800ec00       0x5a Drivers/BSP/Components/STC3115_Driver.o
 .text.STC3115_WriteRamData
                0x0800ec5a       0x2c Drivers/BSP/Components/STC3115_Driver.o
 .text.STC3115_ReadRamData
                0x0800ec86       0x2c Drivers/BSP/Components/STC3115_Driver.o
 .text.STC3115_ReadBatteryData
                0x0800ecb2      0x156 Drivers/BSP/Components/STC3115_Driver.o
 .text.STC3115_Restore
                0x0800ee08       0x60 Drivers/BSP/Components/STC3115_Driver.o
 .text.STC3115_Powerdown
                0x0800ee68       0x42 Drivers/BSP/Components/STC3115_Driver.o
 .text.STC3115_conv
                0x0800eeaa       0x38 Drivers/BSP/Components/STC3115_Driver.o
 .text.STC3115_Startup
                0x0800eee2       0x48 Drivers/BSP/Components/STC3115_Driver.o
 .text.STC3115_Read
                0x0800ef2a       0x36 Drivers/BSP/Components/STC3115_Driver.o
 .text.STC3115_Write
                0x0800ef60       0x36 Drivers/BSP/Components/STC3115_Driver.o
 .text.STC3115_ReadWord
                0x0800ef96       0x3a Drivers/BSP/Components/STC3115_Driver.o
 .text.STC3115_WriteWord
                0x0800efd0       0x38 Drivers/BSP/Components/STC3115_Driver.o
 .text.STC3115_SetParam
                0x0800f008      0x128 Drivers/BSP/Components/STC3115_Driver.o
 .text.BSP_LED_Init
                0x0800f130       0xa0 Drivers/BSP/SensorTile/SensorTile.o
                0x0800f130                BSP_LED_Init
 .text.BSP_LED_On
                0x0800f1d0       0x5c Drivers/BSP/SensorTile/SensorTile.o
                0x0800f1d0                BSP_LED_On
 .text.BSP_LED_Off
                0x0800f22c       0x5c Drivers/BSP/SensorTile/SensorTile.o
                0x0800f22c                BSP_LED_Off
 .text.Sensor_IO_I2C_Init
                0x0800f288       0x18 Drivers/BSP/SensorTile/SensorTile.o
                0x0800f288                Sensor_IO_I2C_Init
 .text.Sensor_IO_SPI_Init
                0x0800f2a0      0x118 Drivers/BSP/SensorTile/SensorTile.o
                0x0800f2a0                Sensor_IO_SPI_Init
 .text.Sensor_IO_SPI_CS_Init_All
                0x0800f3b8      0x124 Drivers/BSP/SensorTile/SensorTile.o
                0x0800f3b8                Sensor_IO_SPI_CS_Init_All
 .text.Sensor_IO_SPI_CS_Init
                0x0800f4dc      0x12c Drivers/BSP/SensorTile/SensorTile.o
                0x0800f4dc                Sensor_IO_SPI_CS_Init
 .text.Sensor_IO_Write
                0x0800f608       0x84 Drivers/BSP/SensorTile/SensorTile.o
                0x0800f608                Sensor_IO_Write
 .text.Sensor_IO_I2C_Write
                0x0800f68c       0x30 Drivers/BSP/SensorTile/SensorTile.o
                0x0800f68c                Sensor_IO_I2C_Write
 .text.Sensor_IO_Read
                0x0800f6bc       0x84 Drivers/BSP/SensorTile/SensorTile.o
                0x0800f6bc                Sensor_IO_Read
 .text.Sensor_IO_I2C_Read
                0x0800f740       0x30 Drivers/BSP/SensorTile/SensorTile.o
                0x0800f740                Sensor_IO_I2C_Read
 .text.Sensor_IO_SPI_Write
                0x0800f770       0x60 Drivers/BSP/SensorTile/SensorTile.o
                0x0800f770                Sensor_IO_SPI_Write
 .text.Sensor_IO_SPI_Read
                0x0800f7d0       0x9c Drivers/BSP/SensorTile/SensorTile.o
                0x0800f7d0                Sensor_IO_SPI_Read
 .text.Sensor_IO_SPI_CS_Enable
                0x0800f86c       0x74 Drivers/BSP/SensorTile/SensorTile.o
                0x0800f86c                Sensor_IO_SPI_CS_Enable
 .text.Sensor_IO_SPI_CS_Disable
                0x0800f8e0       0x74 Drivers/BSP/SensorTile/SensorTile.o
                0x0800f8e0                Sensor_IO_SPI_CS_Disable
 .text.LSM6DSM_Sensor_IO_ITConfig
                0x0800f954       0x5c Drivers/BSP/SensorTile/SensorTile.o
                0x0800f954                LSM6DSM_Sensor_IO_ITConfig
 .text.SPI_Read
                0x0800f9b0       0x70 Drivers/BSP/SensorTile/SensorTile.o
                0x0800f9b0                SPI_Read
 .text.SPI_Read_nBytes
                0x0800fa20       0xa4 Drivers/BSP/SensorTile/SensorTile.o
                0x0800fa20                SPI_Read_nBytes
 .text.SPI_Write
                0x0800fac4       0x52 Drivers/BSP/SensorTile/SensorTile.o
                0x0800fac4                SPI_Write
 *fill*         0x0800fb16        0x2 
 .text.I2C_SENSORTILE_Init
                0x0800fb18       0x54 Drivers/BSP/SensorTile/SensorTile.o
 .text.I2C_SENSORTILE_WriteData
                0x0800fb6c       0x60 Drivers/BSP/SensorTile/SensorTile.o
 .text.I2C_SENSORTILE_ReadData
                0x0800fbcc       0x60 Drivers/BSP/SensorTile/SensorTile.o
 .text.I2C_SENSORTILE_Error
                0x0800fc2c       0x20 Drivers/BSP/SensorTile/SensorTile.o
 .text.I2C_SENSORTILE_MspInit
                0x0800fc4c       0xc0 Drivers/BSP/SensorTile/SensorTile.o
 .text.SD_IO_SPI_MspInit
                0x0800fd0c       0xc0 Drivers/BSP/SensorTile/SensorTile.o
 .text.SD_IO_SPI_Init_LS
                0x0800fdcc       0x78 Drivers/BSP/SensorTile/SensorTile.o
 .text.SD_IO_SPI_Init
                0x0800fe44       0x78 Drivers/BSP/SensorTile/SensorTile.o
 .text.SD_IO_SPI_Read
                0x0800febc       0x48 Drivers/BSP/SensorTile/SensorTile.o
 .text.SD_IO_SPI_Write
                0x0800ff04       0x3c Drivers/BSP/SensorTile/SensorTile.o
 .text.SD_IO_SPI_Error
                0x0800ff40       0x18 Drivers/BSP/SensorTile/SensorTile.o
 .text.SD_IO_Init
                0x0800ff58       0x40 Drivers/BSP/SensorTile/SensorTile.o
                0x0800ff58                SD_IO_Init
 .text.SD_IO_Init_LS
                0x0800ff98       0x40 Drivers/BSP/SensorTile/SensorTile.o
                0x0800ff98                SD_IO_Init_LS
 .text.SD_IO_CS_Init
                0x0800ffd8       0x4c Drivers/BSP/SensorTile/SensorTile.o
                0x0800ffd8                SD_IO_CS_Init
 .text.SD_IO_CS_DeInit
                0x08010024       0x30 Drivers/BSP/SensorTile/SensorTile.o
                0x08010024                SD_IO_CS_DeInit
 .text.SD_IO_WriteByte
                0x08010054       0x1a Drivers/BSP/SensorTile/SensorTile.o
                0x08010054                SD_IO_WriteByte
 .text.SD_IO_ReadByte
                0x0801006e       0x1c Drivers/BSP/SensorTile/SensorTile.o
                0x0801006e                SD_IO_ReadByte
 *fill*         0x0801008a        0x2 
 .text.SD_IO_WriteCmd_wResp
                0x0801008c       0xa0 Drivers/BSP/SensorTile/SensorTile.o
                0x0801008c                SD_IO_WriteCmd_wResp
 .text.SD_IO_WriteCmd
                0x0801012c       0x98 Drivers/BSP/SensorTile/SensorTile.o
                0x0801012c                SD_IO_WriteCmd
 .text.SD_IO_WaitResponse
                0x080101c4       0x3e Drivers/BSP/SensorTile/SensorTile.o
                0x080101c4                SD_IO_WaitResponse
 *fill*         0x08010202        0x2 
 .text.SD_IO_WriteDummy
                0x08010204       0x20 Drivers/BSP/SensorTile/SensorTile.o
                0x08010204                SD_IO_WriteDummy
 .text.BSP_ACCELERO_Init
                0x08010224       0x6e Drivers/BSP/SensorTile/SensorTile_accelero.o
                0x08010224                BSP_ACCELERO_Init
 *fill*         0x08010292        0x2 
 .text.BSP_LSM6DSM_ACCELERO_Init
                0x08010294      0x140 Drivers/BSP/SensorTile/SensorTile_accelero.o
 .text.BSP_LSM303AGR_ACCELERO_Init
                0x080103d4      0x128 Drivers/BSP/SensorTile/SensorTile_accelero.o
 .text.BSP_ACCELERO_Sensor_Enable
                0x080104fc       0x48 Drivers/BSP/SensorTile/SensorTile_accelero.o
                0x080104fc                BSP_ACCELERO_Sensor_Enable
 .text.BSP_ACCELERO_IsInitialized
                0x08010544       0x38 Drivers/BSP/SensorTile/SensorTile_accelero.o
                0x08010544                BSP_ACCELERO_IsInitialized
 .text.BSP_ACCELERO_Get_Instance
                0x0801057c       0x38 Drivers/BSP/SensorTile/SensorTile_accelero.o
                0x0801057c                BSP_ACCELERO_Get_Instance
 .text.BSP_ACCELERO_Get_WhoAmI
                0x080105b4       0x4c Drivers/BSP/SensorTile/SensorTile_accelero.o
                0x080105b4                BSP_ACCELERO_Get_WhoAmI
 .text.BSP_ACCELERO_Get_Axes
                0x08010600       0x56 Drivers/BSP/SensorTile/SensorTile_accelero.o
                0x08010600                BSP_ACCELERO_Get_Axes
 .text.BSP_ACCELERO_Get_ODR
                0x08010656       0x56 Drivers/BSP/SensorTile/SensorTile_accelero.o
                0x08010656                BSP_ACCELERO_Get_ODR
 .text.BSP_ACCELERO_Set_ODR_Value
                0x080106ac       0x50 Drivers/BSP/SensorTile/SensorTile_accelero.o
                0x080106ac                BSP_ACCELERO_Set_ODR_Value
 .text.BSP_ACCELERO_Get_FS
                0x080106fc       0x56 Drivers/BSP/SensorTile/SensorTile_accelero.o
                0x080106fc                BSP_ACCELERO_Get_FS
 .text.BSP_ACCELERO_Enable_Double_Tap_Detection_Ext
                0x08010752       0x52 Drivers/BSP/SensorTile/SensorTile_accelero.o
                0x08010752                BSP_ACCELERO_Enable_Double_Tap_Detection_Ext
 .text.BSP_ACCELERO_Get_Double_Tap_Detection_Status_Ext
                0x080107a4       0x60 Drivers/BSP/SensorTile/SensorTile_accelero.o
                0x080107a4                BSP_ACCELERO_Get_Double_Tap_Detection_Status_Ext
 .text.BSP_ACCELERO_Set_Tap_Threshold_Ext
                0x08010804       0x5a Drivers/BSP/SensorTile/SensorTile_accelero.o
                0x08010804                BSP_ACCELERO_Set_Tap_Threshold_Ext
 *fill*         0x0801085e        0x2 
 .text.BSP_GG_Init
                0x08010860       0xe8 Drivers/BSP/SensorTile/SensorTile_gg.o
                0x08010860                BSP_GG_Init
 .text.BSP_GYRO_Init
                0x08010948       0x4a Drivers/BSP/SensorTile/SensorTile_gyro.o
                0x08010948                BSP_GYRO_Init
 *fill*         0x08010992        0x2 
 .text.BSP_LSM6DSM_GYRO_Init
                0x08010994      0x138 Drivers/BSP/SensorTile/SensorTile_gyro.o
 .text.BSP_GYRO_Sensor_Enable
                0x08010acc       0x48 Drivers/BSP/SensorTile/SensorTile_gyro.o
                0x08010acc                BSP_GYRO_Sensor_Enable
 .text.BSP_HUMIDITY_Init
                0x08010b14       0x4a Drivers/BSP/SensorTile/SensorTile_humidity.o
                0x08010b14                BSP_HUMIDITY_Init
 *fill*         0x08010b5e        0x2 
 .text.BSP_HTS221_HUMIDITY_Init
                0x08010b60       0xec Drivers/BSP/SensorTile/SensorTile_humidity.o
 .text.BSP_HUMIDITY_Sensor_Enable
                0x08010c4c       0x48 Drivers/BSP/SensorTile/SensorTile_humidity.o
                0x08010c4c                BSP_HUMIDITY_Sensor_Enable
 .text.BSP_MAGNETO_Init
                0x08010c94       0x4a Drivers/BSP/SensorTile/SensorTile_magneto.o
                0x08010c94                BSP_MAGNETO_Init
 *fill*         0x08010cde        0x2 
 .text.BSP_LSM303AGR_MAGNETO_Init
                0x08010ce0      0x138 Drivers/BSP/SensorTile/SensorTile_magneto.o
 .text.BSP_MAGNETO_Sensor_Enable
                0x08010e18       0x48 Drivers/BSP/SensorTile/SensorTile_magneto.o
                0x08010e18                BSP_MAGNETO_Sensor_Enable
 .text.BSP_PRESSURE_Init
                0x08010e60       0x4a Drivers/BSP/SensorTile/SensorTile_pressure.o
                0x08010e60                BSP_PRESSURE_Init
 *fill*         0x08010eaa        0x2 
 .text.BSP_LPS22HB_PRESSURE_Init
                0x08010eac      0x170 Drivers/BSP/SensorTile/SensorTile_pressure.o
 .text.BSP_PRESSURE_Sensor_Enable
                0x0801101c       0x48 Drivers/BSP/SensorTile/SensorTile_pressure.o
                0x0801101c                BSP_PRESSURE_Sensor_Enable
 .text.BSP_SD_Init
                0x08011064       0x44 Drivers/BSP/SensorTile/SensorTile_sd.o
                0x08011064                BSP_SD_Init
 .text.BSP_SD_GetCardInfo
                0x080110a8       0x70 Drivers/BSP/SensorTile/SensorTile_sd.o
                0x080110a8                BSP_SD_GetCardInfo
 .text.BSP_SD_ReadBlocks
                0x08011118       0xe8 Drivers/BSP/SensorTile/SensorTile_sd.o
                0x08011118                BSP_SD_ReadBlocks
 .text.BSP_SD_WriteBlocks
                0x08011200       0xec Drivers/BSP/SensorTile/SensorTile_sd.o
                0x08011200                BSP_SD_WriteBlocks
 .text.SD_GetCSDRegister
                0x080112ec      0x2d0 Drivers/BSP/SensorTile/SensorTile_sd.o
 .text.SD_GetCIDRegister
                0x080115bc      0x152 Drivers/BSP/SensorTile/SensorTile_sd.o
 .text.SD_SendCmd_wResp
                0x0801170e       0x26 Drivers/BSP/SensorTile/SensorTile_sd.o
 .text.SD_SendCmd
                0x08011734       0x40 Drivers/BSP/SensorTile/SensorTile_sd.o
 .text.SD_GetDataResponse
                0x08011774       0x6a Drivers/BSP/SensorTile/SensorTile_sd.o
 .text.BSP_SD_GetStatus
                0x080117de       0x10 Drivers/BSP/SensorTile/SensorTile_sd.o
                0x080117de                BSP_SD_GetStatus
 *fill*         0x080117ee        0x2 
 .text.SD_GoIdleState
                0x080117f0      0x10c Drivers/BSP/SensorTile/SensorTile_sd.o
 .text.BSP_TEMPERATURE_Init
                0x080118fc       0x6e Drivers/BSP/SensorTile/SensorTile_temperature.o
                0x080118fc                BSP_TEMPERATURE_Init
 *fill*         0x0801196a        0x2 
 .text.BSP_LPS22HB_TEMPERATURE_Init
                0x0801196c      0x158 Drivers/BSP/SensorTile/SensorTile_temperature.o
 .text.BSP_HTS221_TEMPERATURE_Init
                0x08011ac4       0xf4 Drivers/BSP/SensorTile/SensorTile_temperature.o
 .text.BSP_TEMPERATURE_Sensor_Enable
                0x08011bb8       0x48 Drivers/BSP/SensorTile/SensorTile_temperature.o
                0x08011bb8                BSP_TEMPERATURE_Sensor_Enable
 .text.SystemInit
                0x08011c00       0x6c Drivers/CMSIS/system_stm32l4xx.o
                0x08011c00                SystemInit
 .text.HAL_Init
                0x08011c6c       0x2c Drivers/STM32L4xx_HAL_Driver/stm32l4xx_hal.o
                0x08011c6c                HAL_Init
 .text.HAL_MspInit
                0x08011c98        0xe Drivers/STM32L4xx_HAL_Driver/stm32l4xx_hal.o
                0x08011c98                HAL_MspInit
 *fill*         0x08011ca6        0x2 
 .text.HAL_InitTick
                0x08011ca8       0x38 Drivers/STM32L4xx_HAL_Driver/stm32l4xx_hal.o
                0x08011ca8                HAL_InitTick
 .text.HAL_IncTick
                0x08011ce0       0x1c Drivers/STM32L4xx_HAL_Driver/stm32l4xx_hal.o
                0x08011ce0                HAL_IncTick
 .text.HAL_GetTick
                0x08011cfc       0x18 Drivers/STM32L4xx_HAL_Driver/stm32l4xx_hal.o
                0x08011cfc                HAL_GetTick
 .text.HAL_Delay
                0x08011d14       0x2c Drivers/STM32L4xx_HAL_Driver/stm32l4xx_hal.o
                0x08011d14                HAL_Delay
 .text.NVIC_SetPriorityGrouping